Archive member included because of file (symbol)

/Users/matthewhall/Library/Arduino15/packages/arduino/hardware/sam/1.6.11/variants/arduino_due_x/libsam_sam3x8e_gcc_rel.a(pio.o)
                              /Users/matthewhall/Documents/Arduino/serial_victor/build/core/variant.cpp.o (PIO_Configure)
/Users/matthewhall/Library/Arduino15/packages/arduino/hardware/sam/1.6.11/variants/arduino_due_x/libsam_sam3x8e_gcc_rel.a(pmc.o)
                              /Users/matthewhall/Documents/Arduino/serial_victor/build/libraries/Servo/sam/Servo.cpp.o (pmc_enable_periph_clk)
/Users/matthewhall/Library/Arduino15/packages/arduino/hardware/sam/1.6.11/variants/arduino_due_x/libsam_sam3x8e_gcc_rel.a(tc.o)
                              /Users/matthewhall/Documents/Arduino/serial_victor/build/libraries/Servo/sam/Servo.cpp.o (TC_Configure)
/Users/matthewhall/Library/Arduino15/packages/arduino/hardware/sam/1.6.11/variants/arduino_due_x/libsam_sam3x8e_gcc_rel.a(system_sam3xa.o)
                              /Users/matthewhall/Documents/Arduino/serial_victor/build/core/variant.cpp.o (SystemInit)
/Users/matthewhall/Library/Arduino15/packages/arduino/hardware/sam/1.6.11/variants/arduino_due_x/libsam_sam3x8e_gcc_rel.a(startup_sam3xa.o)
                              (Reset_Handler)
/Users/matthewhall/Library/Arduino15/packages/arduino/hardware/sam/1.6.11/variants/arduino_due_x/libsam_sam3x8e_gcc_rel.a(adc.o)
                              /Users/matthewhall/Documents/Arduino/serial_victor/build/core/variant.cpp.o (adc_init)
/Users/matthewhall/Library/Arduino15/packages/arduino/hardware/sam/1.6.11/variants/arduino_due_x/libsam_sam3x8e_gcc_rel.a(uotghs.o)
                              /Users/matthewhall/Library/Arduino15/packages/arduino/hardware/sam/1.6.11/variants/arduino_due_x/libsam_sam3x8e_gcc_rel.a(startup_sam3xa.o) (UOTGHS_Handler)
/Users/matthewhall/Documents/Arduino/serial_victor/build/core/core.a(RingBuffer.cpp.o)
                              /Users/matthewhall/Documents/Arduino/serial_victor/build/core/variant.cpp.o (RingBuffer::RingBuffer())
/Users/matthewhall/Documents/Arduino/serial_victor/build/core/core.a(Stream.cpp.o)
                              /Users/matthewhall/Documents/Arduino/serial_victor/build/sketch/serial_victor.ino.cpp.o (Stream::readString())
/Users/matthewhall/Documents/Arduino/serial_victor/build/core/core.a(UARTClass.cpp.o)
                              /Users/matthewhall/Documents/Arduino/serial_victor/build/sketch/serial_victor.ino.cpp.o (UARTClass::available())
/Users/matthewhall/Documents/Arduino/serial_victor/build/core/core.a(USARTClass.cpp.o)
                              /Users/matthewhall/Documents/Arduino/serial_victor/build/core/variant.cpp.o (USARTClass::USARTClass(Usart*, IRQn, unsigned long, RingBuffer*, RingBuffer*))
/Users/matthewhall/Documents/Arduino/serial_victor/build/core/core.a(WInterrupts.c.o)
                              /Users/matthewhall/Library/Arduino15/packages/arduino/hardware/sam/1.6.11/variants/arduino_due_x/libsam_sam3x8e_gcc_rel.a(startup_sam3xa.o) (PIOA_Handler)
/Users/matthewhall/Documents/Arduino/serial_victor/build/core/core.a(WMath.cpp.o)
                              /Users/matthewhall/Documents/Arduino/serial_victor/build/libraries/Servo/sam/Servo.cpp.o (map(long, long, long, long, long))
/Users/matthewhall/Documents/Arduino/serial_victor/build/core/core.a(WString.cpp.o)
                              /Users/matthewhall/Documents/Arduino/serial_victor/build/sketch/serial_victor.ino.cpp.o (String::~String())
/Users/matthewhall/Documents/Arduino/serial_victor/build/core/core.a(abi.cpp.o)
                              /Users/matthewhall/Documents/Arduino/serial_victor/build/core/core.a(UARTClass.cpp.o) (__cxa_pure_virtual)
/Users/matthewhall/Documents/Arduino/serial_victor/build/core/core.a(dtostrf.c.o)
                              /Users/matthewhall/Documents/Arduino/serial_victor/build/core/core.a(WString.cpp.o) (dtostrf)
/Users/matthewhall/Documents/Arduino/serial_victor/build/core/core.a(cortex_handlers.c.o)
                              /Users/matthewhall/Library/Arduino15/packages/arduino/hardware/sam/1.6.11/variants/arduino_due_x/libsam_sam3x8e_gcc_rel.a(startup_sam3xa.o) (NMI_Handler)
/Users/matthewhall/Documents/Arduino/serial_victor/build/core/core.a(hooks.c.o)
                              /Users/matthewhall/Documents/Arduino/serial_victor/build/core/core.a(cortex_handlers.c.o) (sysTickHook)
/Users/matthewhall/Documents/Arduino/serial_victor/build/core/core.a(itoa.c.o)
                              /Users/matthewhall/Documents/Arduino/serial_victor/build/core/core.a(WString.cpp.o) (ltoa)
/Users/matthewhall/Documents/Arduino/serial_victor/build/core/core.a(main.cpp.o)
                              /Users/matthewhall/Library/Arduino15/packages/arduino/tools/arm-none-eabi-gcc/4.8.3-2014q1/bin/../lib/gcc/arm-none-eabi/4.8.3/../../../../arm-none-eabi/lib/armv7-m/crt0.o (main)
[...]
Memory Configuration

Name             Origin             Length             Attributes
rom              0x0000000000080000 0x0000000000080000 xr
sram0            0x0000000020000000 0x0000000000010000 xrw
sram1            0x0000000020080000 0x0000000000008000 xrw
ram              0x0000000020070000 0x0000000000018000 xrw
*default*        0x0000000000000000 0xffffffffffffffff

Linker script and memory map

LOAD /Users/matthewhall/Library/Arduino15/packages/arduino/tools/arm-none-eabi-gcc/4.8.3-2014q1/bin/../lib/gcc/arm-none-eabi/4.8.3/armv7-m/crti.o
LOAD /Users/matthewhall/Library/Arduino15/packages/arduino/tools/arm-none-eabi-gcc/4.8.3-2014q1/bin/../lib/gcc/arm-none-eabi/4.8.3/armv7-m/crtbegin.o
LOAD /Users/matthewhall/Library/Arduino15/packages/arduino/tools/arm-none-eabi-gcc/4.8.3-2014q1/bin/../lib/gcc/arm-none-eabi/4.8.3/../../../../arm-none-eabi/lib/armv7-m/crt0.o
START GROUP
LOAD /Users/matthewhall/Documents/Arduino/serial_victor/build/sketch/BigMotor.cpp.o
LOAD /Users/matthewhall/Documents/Arduino/serial_victor/build/sketch/Step.cpp.o
LOAD /Users/matthewhall/Documents/Arduino/serial_victor/build/sketch/serial_victor.ino.cpp.o
LOAD /Users/matthewhall/Documents/Arduino/serial_victor/build/libraries/Servo/avr/Servo.cpp.o
LOAD /Users/matthewhall/Documents/Arduino/serial_victor/build/libraries/Servo/megaavr/Servo.cpp.o
LOAD /Users/matthewhall/Documents/Arduino/serial_victor/build/libraries/Servo/nrf52/Servo.cpp.o
LOAD /Users/matthewhall/Documents/Arduino/serial_victor/build/libraries/Servo/sam/Servo.cpp.o
LOAD /Users/matthewhall/Documents/Arduino/serial_victor/build/libraries/Servo/samd/Servo.cpp.o
LOAD /Users/matthewhall/Documents/Arduino/serial_victor/build/libraries/Servo/stm32f4/Servo.cpp.o
LOAD /Users/matthewhall/Documents/Arduino/serial_victor/build/core/variant.cpp.o
LOAD /Users/matthewhall/Library/Arduino15/packages/arduino/hardware/sam/1.6.11/variants/arduino_due_x/libsam_sam3x8e_gcc_rel.a
LOAD /Users/matthewhall/Documents/Arduino/serial_victor/build/core/core.a
END GROUP
LOAD /Users/matthewhall/Library/Arduino15/packages/arduino/tools/arm-none-eabi-gcc/4.8.3-2014q1/bin/../lib/gcc/arm-none-eabi/4.8.3/../../../../arm-none-eabi/lib/armv7-m/libm.a
START GROUP
LOAD /Users/matthewhall/Library/Arduino15/packages/arduino/tools/arm-none-eabi-gcc/4.8.3-2014q1/bin/../lib/gcc/arm-none-eabi/4.8.3/armv7-m/libgcc.a
LOAD /Users/matthewhall/Library/Arduino15/packages/arduino/tools/arm-none-eabi-gcc/4.8.3-2014q1/bin/../lib/gcc/arm-none-eabi/4.8.3/../../../../arm-none-eabi/lib/armv7-m/libg.a
LOAD /Users/matthewhall/Library/Arduino15/packages/arduino/tools/arm-none-eabi-gcc/4.8.3-2014q1/bin/../lib/gcc/arm-none-eabi/4.8.3/../../../../arm-none-eabi/lib/armv7-m/libc.a
END GROUP
LOAD /Users/matthewhall/Library/Arduino15/packages/arduino/tools/arm-none-eabi-gcc/4.8.3-2014q1/bin/../lib/gcc/arm-none-eabi/4.8.3/armv7-m/crtend.o
LOAD /Users/matthewhall/Library/Arduino15/packages/arduino/tools/arm-none-eabi-gcc/4.8.3-2014q1/bin/../lib/gcc/arm-none-eabi/4.8.3/armv7-m/crtn.o

.text           0x0000000000080000     0x6a7c
                0x0000000000080000                . = ALIGN (0x4)
                0x0000000000080000                _sfixed = .
 *(.vectors .vectors.*)
 .vectors       0x0000000000080000       0xf4 /Users/matthewhall/Library/Arduino15/packages/arduino/hardware/sam/1.6.11/variants/arduino_due_x/libsam_sam3x8e_gcc_rel.a(startup_sam3xa.o)
                0x0000000000080000                exception_table
 *(.text .text.* .gnu.linkonce.t.*)
 .text          0x00000000000800f4       0x54 /Users/matthewhall/Library/Arduino15/packages/arduino/tools/arm-none-eabi-gcc/4.8.3-2014q1/bin/../lib/gcc/arm-none-eabi/4.8.3/armv7-m/crtbegin.o
 .text._ZN8BigMotorC2Ei
                0x0000000000080148       0x20 /Users/matthewhall/Documents/Arduino/serial_victor/build/sketch/BigMotor.cpp.o
                0x0000000000080148                BigMotor::BigMotor(int)
                0x0000000000080148                BigMotor::BigMotor(int)
 .text._ZN8BigMotor6rotateEib
                0x0000000000080168       0xa4 /Users/matthewhall/Documents/Arduino/serial_victor/build/sketch/BigMotor.cpp.o
                0x0000000000080168                BigMotor::rotate(int, bool)
 .text._ZN4StepC2Eii
                0x000000000008020c       0x20 /Users/matthewhall/Documents/Arduino/serial_victor/build/sketch/Step.cpp.o
                0x000000000008020c                Step::Step(int, int)
                0x000000000008020c                Step::Step(int, int)
 .text._ZN4Step6rotateEii
                0x000000000008022c       0x4a /Users/matthewhall/Documents/Arduino/serial_victor/build/sketch/Step.cpp.o
                0x000000000008022c                Step::rotate(int, int)
 *fill*         0x0000000000080276        0x2 
 .text.startup._GLOBAL__sub_I_stepper
                0x0000000000080278       0x20 /Users/matthewhall/Documents/Arduino/serial_victor/build/sketch/serial_victor.ino.cpp.o
 .text.setup    0x0000000000080298       0x10 /Users/matthewhall/Documents/Arduino/serial_victor/build/sketch/serial_victor.ino.cpp.o
                0x0000000000080298                setup
 .text.loop     0x00000000000802a8       0x74 /Users/matthewhall/Documents/Arduino/serial_victor/build/sketch/serial_victor.ino.cpp.o
                0x00000000000802a8                loop
 .text._ZL8_initISRP2Tcmm4IRQn
                0x000000000008031c       0x50 /Users/matthewhall/Documents/Arduino/serial_victor/build/libraries/Servo/sam/Servo.cpp.o
 .text._Z13Servo_Handler18timer16_Sequence_tP2Tch
                0x000000000008036c      0x10c /Users/matthewhall/Documents/Arduino/serial_victor/build/libraries/Servo/sam/Servo.cpp.o
                0x000000000008036c                Servo_Handler(timer16_Sequence_t, Tc*, unsigned char)
 .text.TC3_Handler
                0x0000000000080478       0x10 /Users/matthewhall/Documents/Arduino/serial_victor/build/libraries/Servo/sam/Servo.cpp.o
                0x0000000000080478                TC3_Handler
 .text.TC4_Handler
                0x0000000000080488       0x10 /Users/matthewhall/Documents/Arduino/serial_victor/build/libraries/Servo/sam/Servo.cpp.o
                0x0000000000080488                TC4_Handler
 .text.TC5_Handler
                0x0000000000080498       0x10 /Users/matthewhall/Documents/Arduino/serial_victor/build/libraries/Servo/sam/Servo.cpp.o
                0x0000000000080498                TC5_Handler
 .text.TC2_Handler
                0x00000000000804a8       0x10 /Users/matthewhall/Documents/Arduino/serial_victor/build/libraries/Servo/sam/Servo.cpp.o
                0x00000000000804a8                TC2_Handler
 .text.TC0_Handler
                0x00000000000804b8       0x10 /Users/matthewhall/Documents/Arduino/serial_victor/build/libraries/Servo/sam/Servo.cpp.o
                0x00000000000804b8                TC0_Handler
 .text._ZN5ServoC2Ev
                0x00000000000804c8       0x40 /Users/matthewhall/Documents/Arduino/serial_victor/build/libraries/Servo/sam/Servo.cpp.o
                0x00000000000804c8                Servo::Servo()
                0x00000000000804c8                Servo::Servo()
 .text._ZN5Servo6attachEiii
                0x0000000000080508       0xb8 /Users/matthewhall/Documents/Arduino/serial_victor/build/libraries/Servo/sam/Servo.cpp.o
                0x0000000000080508                Servo::attach(int, int, int)
 .text._ZN5Servo6attachEi
                0x00000000000805c0        0xc /Users/matthewhall/Documents/Arduino/serial_victor/build/libraries/Servo/sam/Servo.cpp.o
                0x00000000000805c0                Servo::attach(int)
 .text._ZN5Servo17writeMicrosecondsEi
                0x00000000000805cc       0x4c /Users/matthewhall/Documents/Arduino/serial_victor/build/libraries/Servo/sam/Servo.cpp.o
                0x00000000000805cc                Servo::writeMicroseconds(int)
 .text._ZN5Servo5writeEi
                0x0000000000080618       0x42 /Users/matthewhall/Documents/Arduino/serial_victor/build/libraries/Servo/sam/Servo.cpp.o
                0x0000000000080618                Servo::write(int)
 .text._Z11serialEventv
                0x000000000008065a        0x2 /Users/matthewhall/Documents/Arduino/serial_victor/build/core/variant.cpp.o
                0x000000000008065a                serialEvent()
 .text.UART_Handler
                0x000000000008065c        0xc /Users/matthewhall/Documents/Arduino/serial_victor/build/core/variant.cpp.o
                0x000000000008065c                UART_Handler
 .text._Z12serialEvent1v
                0x0000000000080668        0x2 /Users/matthewhall/Documents/Arduino/serial_victor/build/core/variant.cpp.o
                0x0000000000080668                serialEvent1()
 .text._Z12serialEvent2v
                0x000000000008066a        0x2 /Users/matthewhall/Documents/Arduino/serial_victor/build/core/variant.cpp.o
                0x000000000008066a                serialEvent2()
 .text._Z12serialEvent3v
                0x000000000008066c        0x2 /Users/matthewhall/Documents/Arduino/serial_victor/build/core/variant.cpp.o
                0x000000000008066c                serialEvent3()
 *fill*         0x000000000008066e        0x2 
 .text.USART0_Handler
                0x0000000000080670        0xc /Users/matthewhall/Documents/Arduino/serial_victor/build/core/variant.cpp.o
                0x0000000000080670                USART0_Handler
 .text.USART1_Handler
                0x000000000008067c        0xc /Users/matthewhall/Documents/Arduino/serial_victor/build/core/variant.cpp.o
                0x000000000008067c                USART1_Handler
 .text.USART3_Handler
                0x0000000000080688        0xc /Users/matthewhall/Documents/Arduino/serial_victor/build/core/variant.cpp.o
                0x0000000000080688                USART3_Handler
 .text.init     0x0000000000080694      0x128 /Users/matthewhall/Documents/Arduino/serial_victor/build/core/variant.cpp.o
                0x0000000000080694                init
 .text.startup._GLOBAL__sub_I_g_APinDescription
                0x00000000000807bc       0xd4 /Users/matthewhall/Documents/Arduino/serial_victor/build/core/variant.cpp.o
 .text._Z14serialEventRunv
                0x0000000000080890       0x44 /Users/matthewhall/Documents/Arduino/serial_victor/build/core/variant.cpp.o
                0x0000000000080890                serialEventRun()
 .text.PIO_PullUp
                0x00000000000808d4        0xa /Users/matthewhall/Library/Arduino15/packages/arduino/hardware/sam/1.6.11/variants/arduino_due_x/libsam_sam3x8e_gcc_rel.a(pio.o)
                0x00000000000808d4                PIO_PullUp
 .text.PIO_SetPeripheral
                0x00000000000808de       0x26 /Users/matthewhall/Library/Arduino15/packages/arduino/hardware/sam/1.6.11/variants/arduino_due_x/libsam_sam3x8e_gcc_rel.a(pio.o)
                0x00000000000808de                PIO_SetPeripheral
 .text.PIO_SetInput
                0x0000000000080904       0x26 /Users/matthewhall/Library/Arduino15/packages/arduino/hardware/sam/1.6.11/variants/arduino_due_x/libsam_sam3x8e_gcc_rel.a(pio.o)
                0x0000000000080904                PIO_SetInput
 .text.PIO_SetOutput
                0x000000000008092a       0x24 /Users/matthewhall/Library/Arduino15/packages/arduino/hardware/sam/1.6.11/variants/arduino_due_x/libsam_sam3x8e_gcc_rel.a(pio.o)
                0x000000000008092a                PIO_SetOutput
 *fill*         0x000000000008094e        0x2 
 .text.PIO_Configure
                0x0000000000080950       0x64 /Users/matthewhall/Library/Arduino15/packages/arduino/hardware/sam/1.6.11/variants/arduino_due_x/libsam_sam3x8e_gcc_rel.a(pio.o)
                0x0000000000080950                PIO_Configure
 .text.PIO_GetOutputDataStatus
                0x00000000000809b4       0x14 /Users/matthewhall/Library/Arduino15/packages/arduino/hardware/sam/1.6.11/variants/arduino_due_x/libsam_sam3x8e_gcc_rel.a(pio.o)
                0x00000000000809b4                PIO_GetOutputDataStatus
 .text.pmc_enable_upll_clock
                0x00000000000809c8       0x14 /Users/matthewhall/Library/Arduino15/packages/arduino/hardware/sam/1.6.11/variants/arduino_due_x/libsam_sam3x8e_gcc_rel.a(pmc.o)
                0x00000000000809c8                pmc_enable_upll_clock
 .text.pmc_enable_periph_clk
                0x00000000000809dc       0x44 /Users/matthewhall/Library/Arduino15/packages/arduino/hardware/sam/1.6.11/variants/arduino_due_x/libsam_sam3x8e_gcc_rel.a(pmc.o)
                0x00000000000809dc                pmc_enable_periph_clk
 .text.pmc_disable_periph_clk
                0x0000000000080a20       0x40 /Users/matthewhall/Library/Arduino15/packages/arduino/hardware/sam/1.6.11/variants/arduino_due_x/libsam_sam3x8e_gcc_rel.a(pmc.o)
                0x0000000000080a20                pmc_disable_periph_clk
 .text.pmc_switch_udpck_to_upllck
                0x0000000000080a60       0x14 /Users/matthewhall/Library/Arduino15/packages/arduino/hardware/sam/1.6.11/variants/arduino_due_x/libsam_sam3x8e_gcc_rel.a(pmc.o)
                0x0000000000080a60                pmc_switch_udpck_to_upllck
 .text.pmc_enable_udpck
                0x0000000000080a74        0xc /Users/matthewhall/Library/Arduino15/packages/arduino/hardware/sam/1.6.11/variants/arduino_due_x/libsam_sam3x8e_gcc_rel.a(pmc.o)
                0x0000000000080a74                pmc_enable_udpck
 .text.TC_Configure
                0x0000000000080a80       0x38 /Users/matthewhall/Library/Arduino15/packages/arduino/hardware/sam/1.6.11/variants/arduino_due_x/libsam_sam3x8e_gcc_rel.a(tc.o)
                0x0000000000080a80                TC_Configure
 .text.TC_Start
                0x0000000000080ab8       0x2c /Users/matthewhall/Library/Arduino15/packages/arduino/hardware/sam/1.6.11/variants/arduino_due_x/libsam_sam3x8e_gcc_rel.a(tc.o)
                0x0000000000080ab8                TC_Start
 .text.TC_SetRA
                0x0000000000080ae4        0x8 /Users/matthewhall/Library/Arduino15/packages/arduino/hardware/sam/1.6.11/variants/arduino_due_x/libsam_sam3x8e_gcc_rel.a(tc.o)
                0x0000000000080ae4                TC_SetRA
 .text.SystemInit
                0x0000000000080aec       0x88 /Users/matthewhall/Library/Arduino15/packages/arduino/hardware/sam/1.6.11/variants/arduino_due_x/libsam_sam3x8e_gcc_rel.a(system_sam3xa.o)
                0x0000000000080aec                SystemInit
 .text.Reset_Handler
                0x0000000000080b74       0x78 /Users/matthewhall/Library/Arduino15/packages/arduino/hardware/sam/1.6.11/variants/arduino_due_x/libsam_sam3x8e_gcc_rel.a(startup_sam3xa.o)
                0x0000000000080b74                Reset_Handler
 .text.adc_init
                0x0000000000080bec       0x98 /Users/matthewhall/Library/Arduino15/packages/arduino/hardware/sam/1.6.11/variants/arduino_due_x/libsam_sam3x8e_gcc_rel.a(adc.o)
                0x0000000000080bec                adc_init
 .text.adc_configure_trigger
                0x0000000000080c84        0xe /Users/matthewhall/Library/Arduino15/packages/arduino/hardware/sam/1.6.11/variants/arduino_due_x/libsam_sam3x8e_gcc_rel.a(adc.o)
                0x0000000000080c84                adc_configure_trigger
 .text.adc_configure_timing
                0x0000000000080c92       0x1a /Users/matthewhall/Library/Arduino15/packages/arduino/hardware/sam/1.6.11/variants/arduino_due_x/libsam_sam3x8e_gcc_rel.a(adc.o)
                0x0000000000080c92                adc_configure_timing
 .text.adc_disable_channel
                0x0000000000080cac        0xa /Users/matthewhall/Library/Arduino15/packages/arduino/hardware/sam/1.6.11/variants/arduino_due_x/libsam_sam3x8e_gcc_rel.a(adc.o)
                0x0000000000080cac                adc_disable_channel
 .text.adc_disable_all_channel
                0x0000000000080cb6        0x8 /Users/matthewhall/Library/Arduino15/packages/arduino/hardware/sam/1.6.11/variants/arduino_due_x/libsam_sam3x8e_gcc_rel.a(adc.o)
                0x0000000000080cb6                adc_disable_all_channel
 .text.adc_disable_interrupt
                0x0000000000080cbe        0x4 /Users/matthewhall/Library/Arduino15/packages/arduino/hardware/sam/1.6.11/variants/arduino_due_x/libsam_sam3x8e_gcc_rel.a(adc.o)
                0x0000000000080cbe                adc_disable_interrupt
 *fill*         0x0000000000080cc2        0x2 
 .text.UOTGHS_Handler
                0x0000000000080cc4       0x10 /Users/matthewhall/Library/Arduino15/packages/arduino/hardware/sam/1.6.11/variants/arduino_due_x/libsam_sam3x8e_gcc_rel.a(uotghs.o)
                0x0000000000080cc4                UOTGHS_Handler
 .text._ZN10RingBufferC2Ev
                0x0000000000080cd4       0x1a /Users/matthewhall/Documents/Arduino/serial_victor/build/core/core.a(RingBuffer.cpp.o)
                0x0000000000080cd4                RingBuffer::RingBuffer()
                0x0000000000080cd4                RingBuffer::RingBuffer()
 .text._ZN10RingBuffer10store_charEh
                0x0000000000080cee       0x1e /Users/matthewhall/Documents/Arduino/serial_victor/build/core/core.a(RingBuffer.cpp.o)
                0x0000000000080cee                RingBuffer::store_char(unsigned char)
 .text._ZN6Stream9timedReadEv
                0x0000000000080d0c       0x2a /Users/matthewhall/Documents/Arduino/serial_victor/build/core/core.a(Stream.cpp.o)
                0x0000000000080d0c                Stream::timedRead()
 *fill*         0x0000000000080d36        0x2 
 .text._ZN6Stream10readStringEv
                0x0000000000080d38       0x28 /Users/matthewhall/Documents/Arduino/serial_victor/build/core/core.a(Stream.cpp.o)
                0x0000000000080d38                Stream::readString()
 .text._ZN9UARTClasscvbEv
                0x0000000000080d60        0x4 /Users/matthewhall/Documents/Arduino/serial_victor/build/core/core.a(UARTClass.cpp.o)
                0x0000000000080d60                UARTClass::operator bool()
 .text._ZN9UARTClass9availableEv
                0x0000000000080d64       0x12 /Users/matthewhall/Documents/Arduino/serial_victor/build/core/core.a(UARTClass.cpp.o)
                0x0000000000080d64                UARTClass::available()
 .text._ZN9UARTClass4peekEv
                0x0000000000080d76       0x1c /Users/matthewhall/Documents/Arduino/serial_victor/build/core/core.a(UARTClass.cpp.o)
                0x0000000000080d76                UARTClass::peek()
 .text._ZN9UARTClass4readEv
                0x0000000000080d92       0x2a /Users/matthewhall/Documents/Arduino/serial_victor/build/core/core.a(UARTClass.cpp.o)
                0x0000000000080d92                UARTClass::read()
 .text._ZN9UARTClass5flushEv
                0x0000000000080dbc       0x18 /Users/matthewhall/Documents/Arduino/serial_victor/build/core/core.a(UARTClass.cpp.o)
                0x0000000000080dbc                UARTClass::flush()
 .text._ZN9UARTClass5writeEh
                0x0000000000080dd4       0x54 /Users/matthewhall/Documents/Arduino/serial_victor/build/core/core.a(UARTClass.cpp.o)
                0x0000000000080dd4                UARTClass::write(unsigned char)
 .text._ZN9UARTClass3endEv
                0x0000000000080e28       0x3c /Users/matthewhall/Documents/Arduino/serial_victor/build/core/core.a(UARTClass.cpp.o)
                0x0000000000080e28                UARTClass::end()
 .text._ZN9UARTClassC2EP4Uart4IRQnmP10RingBufferS4_
                0x0000000000080e64       0x24 /Users/matthewhall/Documents/Arduino/serial_victor/build/core/core.a(UARTClass.cpp.o)
                0x0000000000080e64                UARTClass::UARTClass(Uart*, IRQn, unsigned long, RingBuffer*, RingBuffer*)
                0x0000000000080e64                UARTClass::UARTClass(Uart*, IRQn, unsigned long, RingBuffer*, RingBuffer*)
 .text._ZN9UARTClass4initEmm
                0x0000000000080e88       0x70 /Users/matthewhall/Documents/Arduino/serial_victor/build/core/core.a(UARTClass.cpp.o)
                0x0000000000080e88                UARTClass::init(unsigned long, unsigned long)
 .text._ZN9UARTClass5beginEm
                0x0000000000080ef8        0x8 /Users/matthewhall/Documents/Arduino/serial_victor/build/core/core.a(UARTClass.cpp.o)
                0x0000000000080ef8                UARTClass::begin(unsigned long)
 .text._ZN9UARTClass10IrqHandlerEv
                0x0000000000080f00       0x5a /Users/matthewhall/Documents/Arduino/serial_victor/build/core/core.a(UARTClass.cpp.o)
                0x0000000000080f00                UARTClass::IrqHandler()
 .text._ZN10USARTClass5beginEm
                0x0000000000080f5a        0x8 /Users/matthewhall/Documents/Arduino/serial_victor/build/core/core.a(USARTClass.cpp.o)
                0x0000000000080f5a                USARTClass::begin(unsigned long)
 *fill*         0x0000000000080f62        0x2 
 .text._ZN10USARTClassC2EP5Usart4IRQnmP10RingBufferS4_
                0x0000000000080f64       0x24 /Users/matthewhall/Documents/Arduino/serial_victor/build/core/core.a(USARTClass.cpp.o)
                0x0000000000080f64                USARTClass::USARTClass(Usart*, IRQn, unsigned long, RingBuffer*, RingBuffer*)
                0x0000000000080f64                USARTClass::USARTClass(Usart*, IRQn, unsigned long, RingBuffer*, RingBuffer*)
 .text.PIOA_Handler
                0x0000000000080f88       0x38 /Users/matthewhall/Documents/Arduino/serial_victor/build/core/core.a(WInterrupts.c.o)
                0x0000000000080f88                PIOA_Handler
 .text.PIOB_Handler
                0x0000000000080fc0       0x38 /Users/matthewhall/Documents/Arduino/serial_victor/build/core/core.a(WInterrupts.c.o)
                0x0000000000080fc0                PIOB_Handler
 .text.PIOC_Handler
                0x0000000000080ff8       0x38 /Users/matthewhall/Documents/Arduino/serial_victor/build/core/core.a(WInterrupts.c.o)
                0x0000000000080ff8                PIOC_Handler
 .text.PIOD_Handler
                0x0000000000081030       0x38 /Users/matthewhall/Documents/Arduino/serial_victor/build/core/core.a(WInterrupts.c.o)
                0x0000000000081030                PIOD_Handler
 .text._Z3maplllll
                0x0000000000081068       0x14 /Users/matthewhall/Documents/Arduino/serial_victor/build/core/core.a(WMath.cpp.o)
                0x0000000000081068                map(long, long, long, long, long)
 .text._ZNK6String14StringIfHelperEv
                0x000000000008107c        0x2 /Users/matthewhall/Documents/Arduino/serial_victor/build/core/core.a(WString.cpp.o)
                0x000000000008107c                String::StringIfHelper() const
 .text._ZN6StringD2Ev
                0x000000000008107e        0xe /Users/matthewhall/Documents/Arduino/serial_victor/build/core/core.a(WString.cpp.o)
                0x000000000008107e                String::~String()
                0x000000000008107e                String::~String()
 .text._ZN6String10invalidateEv
                0x000000000008108c       0x16 /Users/matthewhall/Documents/Arduino/serial_victor/build/core/core.a(WString.cpp.o)
                0x000000000008108c                String::invalidate()
 .text._ZN6String12changeBufferEj
                0x00000000000810a2       0x18 /Users/matthewhall/Documents/Arduino/serial_victor/build/core/core.a(WString.cpp.o)
                0x00000000000810a2                String::changeBuffer(unsigned int)
 .text._ZN6String7reserveEj
                0x00000000000810ba       0x22 /Users/matthewhall/Documents/Arduino/serial_victor/build/core/core.a(WString.cpp.o)
                0x00000000000810ba                String::reserve(unsigned int)
 .text._ZN6String4copyEPKcj
                0x00000000000810dc       0x26 /Users/matthewhall/Documents/Arduino/serial_victor/build/core/core.a(WString.cpp.o)
                0x00000000000810dc                String::copy(char const*, unsigned int)
 .text._ZN6StringC2EPKc
                0x0000000000081102       0x24 /Users/matthewhall/Documents/Arduino/serial_victor/build/core/core.a(WString.cpp.o)
                0x0000000000081102                String::String(char const*)
                0x0000000000081102                String::String(char const*)
 *fill*         0x0000000000081126        0x2 
 .text._ZN6String4moveERS_
                0x0000000000081128       0x44 /Users/matthewhall/Documents/Arduino/serial_victor/build/core/core.a(WString.cpp.o)
                0x0000000000081128                String::move(String&)
 .text._ZN6StringaSEOS_
                0x000000000008116c       0x10 /Users/matthewhall/Documents/Arduino/serial_victor/build/core/core.a(WString.cpp.o)
                0x000000000008116c                String::operator=(String&&)
 .text._ZN6StringaSEPKc
                0x000000000008117c       0x22 /Users/matthewhall/Documents/Arduino/serial_victor/build/core/core.a(WString.cpp.o)
                0x000000000008117c                String::operator=(char const*)
 .text._ZN6String6concatEPKcj
                0x000000000008119e       0x2e /Users/matthewhall/Documents/Arduino/serial_victor/build/core/core.a(WString.cpp.o)
                0x000000000008119e                String::concat(char const*, unsigned int)
 .text._ZN6String6concatEc
                0x00000000000811cc       0x1a /Users/matthewhall/Documents/Arduino/serial_victor/build/core/core.a(WString.cpp.o)
                0x00000000000811cc                String::concat(char)
 *fill*         0x00000000000811e6        0x2 
 .text._ZNK6String9substringEjj
                0x00000000000811e8       0x4c /Users/matthewhall/Documents/Arduino/serial_victor/build/core/core.a(WString.cpp.o)
                0x00000000000811e8                String::substring(unsigned int, unsigned int) const
 .text._ZNK6String5toIntEv
                0x0000000000081234        0xa /Users/matthewhall/Documents/Arduino/serial_victor/build/core/core.a(WString.cpp.o)
                0x0000000000081234                String::toInt() const
 .text.__halt   0x000000000008123e        0x2 /Users/matthewhall/Documents/Arduino/serial_victor/build/core/core.a(cortex_handlers.c.o)
                0x000000000008123e                SPI0_Handler
                0x000000000008123e                DebugMon_Handler
                0x000000000008123e                DMAC_Handler
                0x000000000008123e                TRNG_Handler
                0x000000000008123e                HardFault_Handler
                0x000000000008123e                TWI1_Handler
                0x000000000008123e                NMI_Handler
                0x000000000008123e                TC7_Handler
                0x000000000008123e                ADC_Handler
                0x000000000008123e                SMC_Handler
                0x000000000008123e                RTT_Handler
                0x000000000008123e                EFC1_Handler
                0x000000000008123e                RTC_Handler
                0x000000000008123e                UsageFault_Handler
                0x000000000008123e                TC6_Handler
                0x000000000008123e                WDT_Handler
                0x000000000008123e                CAN0_Handler
                0x000000000008123e                TC1_Handler
                0x000000000008123e                HSMCI_Handler
                0x000000000008123e                TWI0_Handler
                0x000000000008123e                SSC_Handler
                0x000000000008123e                EFC0_Handler
                0x000000000008123e                PMC_Handler
                0x000000000008123e                PWM_Handler
                0x000000000008123e                CAN1_Handler
                0x000000000008123e                MemManage_Handler
                0x000000000008123e                SUPC_Handler
                0x000000000008123e                TC8_Handler
                0x000000000008123e                USART2_Handler
                0x000000000008123e                EMAC_Handler
                0x000000000008123e                BusFault_Handler
                0x000000000008123e                RSTC_Handler
                0x000000000008123e                DACC_Handler
 .text.SVC_Handler
                0x0000000000081240        0x4 /Users/matthewhall/Documents/Arduino/serial_victor/build/core/core.a(cortex_handlers.c.o)
                0x0000000000081240                SVC_Handler
 .text.PendSV_Handler
                0x0000000000081244        0x4 /Users/matthewhall/Documents/Arduino/serial_victor/build/core/core.a(cortex_handlers.c.o)
                0x0000000000081244                PendSV_Handler
 .text.SysTick_Handler
                0x0000000000081248       0x16 /Users/matthewhall/Documents/Arduino/serial_victor/build/core/core.a(cortex_handlers.c.o)
                0x0000000000081248                SysTick_Handler
 .text.__empty  0x000000000008125e        0x2 /Users/matthewhall/Documents/Arduino/serial_victor/build/core/core.a(hooks.c.o)
                0x000000000008125e                yield
 .text.__false  0x0000000000081260        0x4 /Users/matthewhall/Documents/Arduino/serial_victor/build/core/core.a(hooks.c.o)
                0x0000000000081260                sysTickHook
 .text.__halt   0x0000000000081264        0x2 /Users/matthewhall/Documents/Arduino/serial_victor/build/core/core.a(hooks.c.o)
                0x0000000000081264                pendSVHook
                0x0000000000081264                svcHook
 .text.initVariant
                0x0000000000081266        0x2 /Users/matthewhall/Documents/Arduino/serial_victor/build/core/core.a(main.cpp.o)
                0x0000000000081266                initVariant
 .text.startup.main
                0x0000000000081268       0x38 /Users/matthewhall/Documents/Arduino/serial_victor/build/core/core.a(main.cpp.o)
                0x0000000000081268                main
 .text._sbrk    0x00000000000812a0       0x1c /Users/matthewhall/Documents/Arduino/serial_victor/build/core/core.a(syscalls_sam3.c.o)
                0x00000000000812a0                _sbrk
 .text.link     0x00000000000812bc        0x6 /Users/matthewhall/Documents/Arduino/serial_victor/build/core/core.a(syscalls_sam3.c.o)
                0x00000000000812bc                link
 .text._close   0x00000000000812c2        0x6 /Users/matthewhall/Documents/Arduino/serial_victor/build/core/core.a(syscalls_sam3.c.o)
                0x00000000000812c2                _close
 .text._fstat   0x00000000000812c8        0xa /Users/matthewhall/Documents/Arduino/serial_victor/build/core/core.a(syscalls_sam3.c.o)
                0x00000000000812c8                _fstat
 .text._isatty  0x00000000000812d2        0x4 /Users/matthewhall/Documents/Arduino/serial_victor/build/core/core.a(syscalls_sam3.c.o)
                0x00000000000812d2                _isatty
 .text._lseek   0x00000000000812d6        0x4 /Users/matthewhall/Documents/Arduino/serial_victor/build/core/core.a(syscalls_sam3.c.o)
                0x00000000000812d6                _lseek
 .text._read    0x00000000000812da        0x4 /Users/matthewhall/Documents/Arduino/serial_victor/build/core/core.a(syscalls_sam3.c.o)
                0x00000000000812da                _read
 *fill*         0x00000000000812de        0x2 
 .text._write   0x00000000000812e0       0x24 /Users/matthewhall/Documents/Arduino/serial_victor/build/core/core.a(syscalls_sam3.c.o)
                0x00000000000812e0                _write
 .text._exit    0x0000000000081304       0x10 /Users/matthewhall/Documents/Arduino/serial_victor/build/core/core.a(syscalls_sam3.c.o)
                0x0000000000081304                _exit
 .text._kill    0x0000000000081314        0x2 /Users/matthewhall/Documents/Arduino/serial_victor/build/core/core.a(syscalls_sam3.c.o)
                0x0000000000081314                _kill
 .text._getpid  0x0000000000081316        0x6 /Users/matthewhall/Documents/Arduino/serial_victor/build/core/core.a(syscalls_sam3.c.o)
                0x0000000000081316                _getpid
 .text._watchdogDefaultSetup
                0x000000000008131c        0xc /Users/matthewhall/Documents/Arduino/serial_victor/build/core/core.a(watchdog.cpp.o)
                0x000000000008131c                watchdogSetup()
                0x000000000008131c                _watchdogDefaultSetup
 .text.millis   0x0000000000081328        0x4 /Users/matthewhall/Documents/Arduino/serial_victor/build/core/core.a(wiring.c.o)
                0x0000000000081328                millis
 .text.delay    0x000000000008132c       0x1c /Users/matthewhall/Documents/Arduino/serial_victor/build/core/core.a(wiring.c.o)
                0x000000000008132c                delay
 .text.analogOutputInit
                0x0000000000081348        0x2 /Users/matthewhall/Documents/Arduino/serial_victor/build/core/core.a(wiring_analog.c.o)
                0x0000000000081348                analogOutputInit
 *fill*         0x000000000008134a        0x2 
 .text.pinMode  0x000000000008134c      0x108 /Users/matthewhall/Documents/Arduino/serial_victor/build/core/core.a(wiring_digital.c.o)
                0x000000000008134c                pinMode
 .text.digitalWrite
                0x0000000000081454       0x70 /Users/matthewhall/Documents/Arduino/serial_victor/build/core/core.a(wiring_digital.c.o)
                0x0000000000081454                digitalWrite
 .text._ZN5Print5writeEPKhj
                0x00000000000814c4       0x22 /Users/matthewhall/Documents/Arduino/serial_victor/build/core/core.a(Print.cpp.o)
                0x00000000000814c4                Print::write(unsigned char const*, unsigned int)
 *fill*         0x00000000000814e6        0x2 
 .text.initiateReset
                0x00000000000814e8        0xc /Users/matthewhall/Documents/Arduino/serial_victor/build/core/core.a(Reset.cpp.o)
                0x00000000000814e8                initiateReset
 .text.cancelReset
                0x00000000000814f4       0x10 /Users/matthewhall/Documents/Arduino/serial_victor/build/core/core.a(Reset.cpp.o)
                0x00000000000814f4                cancelReset
 .text.tickReset
                0x0000000000081504       0x20 /Users/matthewhall/Documents/Arduino/serial_victor/build/core/core.a(Reset.cpp.o)
                0x0000000000081504                tickReset
 .text.unlikely._ZL11USB_SendZlpv
                0x0000000000081524       0x20 /Users/matthewhall/Documents/Arduino/serial_victor/build/core/core.a(USBCore.cpp.o)
 .text._Z14USBD_Availablem
                0x0000000000081544       0x2c /Users/matthewhall/Documents/Arduino/serial_victor/build/core/core.a(USBCore.cpp.o)
                0x0000000000081544                USBD_Available(unsigned long)
 .text._Z9USBD_RecvmPvm
                0x0000000000081570       0x7c /Users/matthewhall/Documents/Arduino/serial_victor/build/core/core.a(USBCore.cpp.o)
                0x0000000000081570                USBD_Recv(unsigned long, void*, unsigned long)
 .text._Z9USBD_Recvm
                0x00000000000815ec       0x22 /Users/matthewhall/Documents/Arduino/serial_victor/build/core/core.a(USBCore.cpp.o)
                0x00000000000815ec                USBD_Recv(unsigned long)
 *fill*         0x000000000008160e        0x2 
 .text._Z9USBD_SendmPKvm
                0x0000000000081610       0x4c /Users/matthewhall/Documents/Arduino/serial_victor/build/core/core.a(USBCore.cpp.o)
                0x0000000000081610                USBD_Send(unsigned long, void const*, unsigned long)
 .text._Z16USBD_SendControlhPKvm
                0x000000000008165c       0x40 /Users/matthewhall/Documents/Arduino/serial_victor/build/core/core.a(USBCore.cpp.o)
                0x000000000008165c                USBD_SendControl(unsigned char, void const*, unsigned long)
 .text.unlikely._ZL24USB_SendStringDescriptorPKhi
                0x000000000008169c       0x64 /Users/matthewhall/Documents/Arduino/serial_victor/build/core/core.a(USBCore.cpp.o)
 .text._Z16USBD_RecvControlPvm
                0x0000000000081700       0x1c /Users/matthewhall/Documents/Arduino/serial_victor/build/core/core.a(USBCore.cpp.o)
                0x0000000000081700                USBD_RecvControl(void*, unsigned long)
 .text._Z26USBD_ClassInterfaceRequestR8USBSetup
                0x000000000008171c       0x1e /Users/matthewhall/Documents/Arduino/serial_victor/build/core/core.a(USBCore.cpp.o)
                0x000000000008171c                USBD_ClassInterfaceRequest(USBSetup&)
 .text._Z19USBD_SendInterfacesv
                0x000000000008173a       0x22 /Users/matthewhall/Documents/Arduino/serial_victor/build/core/core.a(USBCore.cpp.o)
                0x000000000008173a                USBD_SendInterfaces()
 .text._Z24USBD_SendOtherInterfacesv
                0x000000000008175c       0x22 /Users/matthewhall/Documents/Arduino/serial_victor/build/core/core.a(USBCore.cpp.o)
                0x000000000008175c                USBD_SendOtherInterfaces()
 .text._Z10USBD_Flushm
                0x000000000008177e       0x16 /Users/matthewhall/Documents/Arduino/serial_victor/build/core/core.a(USBCore.cpp.o)
                0x000000000008177e                USBD_Flush(unsigned long)
 .text._ZN10USBDevice_C2Ev
                0x0000000000081794       0x24 /Users/matthewhall/Documents/Arduino/serial_victor/build/core/core.a(USBCore.cpp.o)
                0x0000000000081794                USBDevice_::USBDevice_()
                0x0000000000081794                USBDevice_::USBDevice_()
 .text._ZN10USBDevice_6attachEv
                0x00000000000817b8       0x20 /Users/matthewhall/Documents/Arduino/serial_victor/build/core/core.a(USBCore.cpp.o)
                0x00000000000817b8                USBDevice_::attach()
 .text.startup._GLOBAL__sub_I_EndPoints
                0x00000000000817d8        0xc /Users/matthewhall/Documents/Arduino/serial_victor/build/core/core.a(USBCore.cpp.o)
 .text._ZL7USB_ISRv
                0x00000000000817e4      0x454 /Users/matthewhall/Documents/Arduino/serial_victor/build/core/core.a(USBCore.cpp.o)
 .text._ZN7Serial_9availableEv
                0x0000000000081c38       0x18 /Users/matthewhall/Documents/Arduino/serial_victor/build/core/core.a(CDC.cpp.o)
                0x0000000000081c38                Serial_::available()
 .text._ZN7Serial_17availableForWriteEv
                0x0000000000081c50        0x6 /Users/matthewhall/Documents/Arduino/serial_victor/build/core/core.a(CDC.cpp.o)
                0x0000000000081c50                Serial_::availableForWrite()
 *fill*         0x0000000000081c56        0x2 
 .text._ZN7Serial_4peekEv
                0x0000000000081c58       0x20 /Users/matthewhall/Documents/Arduino/serial_victor/build/core/core.a(CDC.cpp.o)
                0x0000000000081c58                Serial_::peek()
 .text._ZN7Serial_5writeEh
                0x0000000000081c78       0x16 /Users/matthewhall/Documents/Arduino/serial_victor/build/core/core.a(CDC.cpp.o)
                0x0000000000081c78                Serial_::write(unsigned char)
 *fill*         0x0000000000081c8e        0x2 
 .text._ZN7Serial_4readEv
                0x0000000000081c90       0x44 /Users/matthewhall/Documents/Arduino/serial_victor/build/core/core.a(CDC.cpp.o)
                0x0000000000081c90                Serial_::read()
 .text._ZN7Serial_5flushEv
                0x0000000000081cd4        0x6 /Users/matthewhall/Documents/Arduino/serial_victor/build/core/core.a(CDC.cpp.o)
                0x0000000000081cd4                Serial_::flush()
 *fill*         0x0000000000081cda        0x2 
 .text._ZN7Serial_6acceptEv
                0x0000000000081cdc       0x70 /Users/matthewhall/Documents/Arduino/serial_victor/build/core/core.a(CDC.cpp.o)
                0x0000000000081cdc                Serial_::accept()
 .text._ZN7Serial_5writeEPKhj
                0x0000000000081d4c       0x2c /Users/matthewhall/Documents/Arduino/serial_victor/build/core/core.a(CDC.cpp.o)
                0x0000000000081d4c                Serial_::write(unsigned char const*, unsigned int)
 .text._Z16CDC_GetInterfacePh
                0x0000000000081d78       0x14 /Users/matthewhall/Documents/Arduino/serial_victor/build/core/core.a(CDC.cpp.o)
                0x0000000000081d78                CDC_GetInterface(unsigned char*)
 .text._Z21CDC_GetOtherInterfacePh
                0x0000000000081d8c       0x14 /Users/matthewhall/Documents/Arduino/serial_victor/build/core/core.a(CDC.cpp.o)
                0x0000000000081d8c                CDC_GetOtherInterface(unsigned char*)
 .text._Z9CDC_SetupR8USBSetup
                0x0000000000081da0       0x78 /Users/matthewhall/Documents/Arduino/serial_victor/build/core/core.a(CDC.cpp.o)
                0x0000000000081da0                CDC_Setup(USBSetup&)
 .text.startup._GLOBAL__sub_I_cdc_rx_buffer
                0x0000000000081e18       0x1c /Users/matthewhall/Documents/Arduino/serial_victor/build/core/core.a(CDC.cpp.o)
 .text._ZN13PluggableUSB_12getInterfaceEPh
                0x0000000000081e34       0x28 /Users/matthewhall/Documents/Arduino/serial_victor/build/core/core.a(PluggableUSB.cpp.o)
                0x0000000000081e34                PluggableUSB_::getInterface(unsigned char*)
 .text._ZN13PluggableUSB_13getDescriptorER8USBSetup
                0x0000000000081e5c       0x1c /Users/matthewhall/Documents/Arduino/serial_victor/build/core/core.a(PluggableUSB.cpp.o)
                0x0000000000081e5c                PluggableUSB_::getDescriptor(USBSetup&)
 .text._ZN13PluggableUSB_12getShortNameEPc
                0x0000000000081e78       0x1c /Users/matthewhall/Documents/Arduino/serial_victor/build/core/core.a(PluggableUSB.cpp.o)
                0x0000000000081e78                PluggableUSB_::getShortName(char*)
 .text._ZN13PluggableUSB_5setupER8USBSetup
                0x0000000000081e94       0x20 /Users/matthewhall/Documents/Arduino/serial_victor/build/core/core.a(PluggableUSB.cpp.o)
                0x0000000000081e94                PluggableUSB_::setup(USBSetup&)
 .text._Z12PluggableUSBv
                0x0000000000081eb4       0x28 /Users/matthewhall/Documents/Arduino/serial_victor/build/core/core.a(PluggableUSB.cpp.o)
                0x0000000000081eb4                PluggableUSB()
 .text.TimeTick_Increment
                0x0000000000081edc       0x10 /Users/matthewhall/Library/Arduino15/packages/arduino/hardware/sam/1.6.11/variants/arduino_due_x/libsam_sam3x8e_gcc_rel.a(timetick.o)
                0x0000000000081edc                TimeTick_Increment
 .text.GetTickCount
                0x0000000000081eec        0xc /Users/matthewhall/Library/Arduino15/packages/arduino/hardware/sam/1.6.11/variants/arduino_due_x/libsam_sam3x8e_gcc_rel.a(timetick.o)
                0x0000000000081eec                GetTickCount
 .text.WDT_Disable
                0x0000000000081ef8        0x8 /Users/matthewhall/Library/Arduino15/packages/arduino/hardware/sam/1.6.11/variants/arduino_due_x/libsam_sam3x8e_gcc_rel.a(wdt.o)
                0x0000000000081ef8                WDT_Disable
 .text.UDD_SetStack
                0x0000000000081f00        0xc /Users/matthewhall/Library/Arduino15/packages/arduino/hardware/sam/1.6.11/variants/arduino_due_x/libsam_sam3x8e_gcc_rel.a(uotghs_device.o)
                0x0000000000081f00                UDD_SetStack
 .text.UDD_Init
                0x0000000000081f0c       0xd0 /Users/matthewhall/Library/Arduino15/packages/arduino/hardware/sam/1.6.11/variants/arduino_due_x/libsam_sam3x8e_gcc_rel.a(uotghs_device.o)
                0x0000000000081f0c                UDD_Init
 .text.UDD_Attach
                0x0000000000081fdc       0x50 /Users/matthewhall/Library/Arduino15/packages/arduino/hardware/sam/1.6.11/variants/arduino_due_x/libsam_sam3x8e_gcc_rel.a(uotghs_device.o)
                0x0000000000081fdc                UDD_Attach
 .text.UDD_InitEP
                0x000000000008202c       0x2c /Users/matthewhall/Library/Arduino15/packages/arduino/hardware/sam/1.6.11/variants/arduino_due_x/libsam_sam3x8e_gcc_rel.a(uotghs_device.o)
                0x000000000008202c                UDD_InitEP
 .text.UDD_InitEndpoints
                0x0000000000082058       0x3c /Users/matthewhall/Library/Arduino15/packages/arduino/hardware/sam/1.6.11/variants/arduino_due_x/libsam_sam3x8e_gcc_rel.a(uotghs_device.o)
                0x0000000000082058                UDD_InitEndpoints
 .text.UDD_WaitIN
                0x0000000000082094       0x10 /Users/matthewhall/Library/Arduino15/packages/arduino/hardware/sam/1.6.11/variants/arduino_due_x/libsam_sam3x8e_gcc_rel.a(uotghs_device.o)
                0x0000000000082094                UDD_WaitIN
 .text.UDD_WaitOUT
                0x00000000000820a4       0x10 /Users/matthewhall/Library/Arduino15/packages/arduino/hardware/sam/1.6.11/variants/arduino_due_x/libsam_sam3x8e_gcc_rel.a(uotghs_device.o)
                0x00000000000820a4                UDD_WaitOUT
 .text.UDD_ClearIN
                0x00000000000820b4       0x18 /Users/matthewhall/Library/Arduino15/packages/arduino/hardware/sam/1.6.11/variants/arduino_due_x/libsam_sam3x8e_gcc_rel.a(uotghs_device.o)
                0x00000000000820b4                UDD_ClearIN
 .text.UDD_ClearOUT
                0x00000000000820cc       0x18 /Users/matthewhall/Library/Arduino15/packages/arduino/hardware/sam/1.6.11/variants/arduino_due_x/libsam_sam3x8e_gcc_rel.a(uotghs_device.o)
                0x00000000000820cc                UDD_ClearOUT
 .text.UDD_ReceivedSetupInt
                0x00000000000820e4       0x10 /Users/matthewhall/Library/Arduino15/packages/arduino/hardware/sam/1.6.11/variants/arduino_due_x/libsam_sam3x8e_gcc_rel.a(uotghs_device.o)
                0x00000000000820e4                UDD_ReceivedSetupInt
 .text.UDD_ClearSetupInt
                0x00000000000820f4       0x10 /Users/matthewhall/Library/Arduino15/packages/arduino/hardware/sam/1.6.11/variants/arduino_due_x/libsam_sam3x8e_gcc_rel.a(uotghs_device.o)
                0x00000000000820f4                UDD_ClearSetupInt
 .text.UDD_Send
                0x0000000000082104       0x88 /Users/matthewhall/Library/Arduino15/packages/arduino/hardware/sam/1.6.11/variants/arduino_due_x/libsam_sam3x8e_gcc_rel.a(uotghs_device.o)
                0x0000000000082104                UDD_Send
 .text.UDD_Send8
                0x000000000008218c       0x24 /Users/matthewhall/Library/Arduino15/packages/arduino/hardware/sam/1.6.11/variants/arduino_due_x/libsam_sam3x8e_gcc_rel.a(uotghs_device.o)
                0x000000000008218c                UDD_Send8
 .text.UDD_Recv8
                0x00000000000821b0       0x28 /Users/matthewhall/Library/Arduino15/packages/arduino/hardware/sam/1.6.11/variants/arduino_due_x/libsam_sam3x8e_gcc_rel.a(uotghs_device.o)
                0x00000000000821b0                UDD_Recv8
 .text.UDD_Recv
                0x00000000000821d8       0x34 /Users/matthewhall/Library/Arduino15/packages/arduino/hardware/sam/1.6.11/variants/arduino_due_x/libsam_sam3x8e_gcc_rel.a(uotghs_device.o)
                0x00000000000821d8                UDD_Recv
 .text.UDD_Stall
                0x000000000008220c       0x14 /Users/matthewhall/Library/Arduino15/packages/arduino/hardware/sam/1.6.11/variants/arduino_due_x/libsam_sam3x8e_gcc_rel.a(uotghs_device.o)
                0x000000000008220c                UDD_Stall
 .text.UDD_FifoByteCount
                0x0000000000082220       0x14 /Users/matthewhall/Library/Arduino15/packages/arduino/hardware/sam/1.6.11/variants/arduino_due_x/libsam_sam3x8e_gcc_rel.a(uotghs_device.o)
                0x0000000000082220                UDD_FifoByteCount
 .text.UDD_ReleaseRX
                0x0000000000082234       0x28 /Users/matthewhall/Library/Arduino15/packages/arduino/hardware/sam/1.6.11/variants/arduino_due_x/libsam_sam3x8e_gcc_rel.a(uotghs_device.o)
                0x0000000000082234                UDD_ReleaseRX
 .text.UDD_ReleaseTX
                0x000000000008225c       0x28 /Users/matthewhall/Library/Arduino15/packages/arduino/hardware/sam/1.6.11/variants/arduino_due_x/libsam_sam3x8e_gcc_rel.a(uotghs_device.o)
                0x000000000008225c                UDD_ReleaseTX
 .text.UDD_SetAddress
                0x0000000000082284       0x20 /Users/matthewhall/Library/Arduino15/packages/arduino/hardware/sam/1.6.11/variants/arduino_due_x/libsam_sam3x8e_gcc_rel.a(uotghs_device.o)
                0x0000000000082284                UDD_SetAddress
 .text          0x00000000000822a4      0x370 /Users/matthewhall/Library/Arduino15/packages/arduino/tools/arm-none-eabi-gcc/4.8.3-2014q1/bin/../lib/gcc/arm-none-eabi/4.8.3/armv7-m/libgcc.a(_arm_addsubdf3.o)
                0x00000000000822a4                __aeabi_drsub
                0x00000000000822ac                __subdf3
                0x00000000000822ac                __aeabi_dsub
                0x00000000000822b0                __aeabi_dadd
                0x00000000000822b0                __adddf3
                0x0000000000082528                __aeabi_ui2d
                0x0000000000082528                __floatunsidf
                0x0000000000082548                __floatsidf
                0x0000000000082548                __aeabi_i2d
                0x000000000008256c                __extendsfdf2
                0x000000000008256c                __aeabi_f2d
                0x00000000000825a8                __aeabi_ul2d
                0x00000000000825a8                __floatundidf
                0x00000000000825b8                __aeabi_l2d
                0x00000000000825b8                __floatdidf
 .text          0x0000000000082614      0x424 /Users/matthewhall/Library/Arduino15/packages/arduino/tools/arm-none-eabi-gcc/4.8.3-2014q1/bin/../lib/gcc/arm-none-eabi/4.8.3/armv7-m/libgcc.a(_arm_muldivdf3.o)
                0x0000000000082614                __aeabi_dmul
                0x0000000000082614                __muldf3
                0x0000000000082868                __aeabi_ddiv
                0x0000000000082868                __divdf3
 .text          0x0000000000082a38       0x50 /Users/matthewhall/Library/Arduino15/packages/arduino/tools/arm-none-eabi-gcc/4.8.3-2014q1/bin/../lib/gcc/arm-none-eabi/4.8.3/armv7-m/libgcc.a(_arm_fixdfsi.o)
                0x0000000000082a38                __fixdfsi
                0x0000000000082a38                __aeabi_d2iz
 .text.__assert_func
                0x0000000000082a88       0x3c /Users/matthewhall/Library/Arduino15/packages/arduino/tools/arm-none-eabi-gcc/4.8.3-2014q1/bin/../lib/gcc/arm-none-eabi/4.8.3/../../../../arm-none-eabi/lib/armv7-m/libg.a(lib_a-assert.o)
                0x0000000000082a88                __assert_func
 .text.atol     0x0000000000082ac4        0x8 /Users/matthewhall/Library/Arduino15/packages/arduino/tools/arm-none-eabi-gcc/4.8.3-2014q1/bin/../lib/gcc/arm-none-eabi/4.8.3/../../../../arm-none-eabi/lib/armv7-m/libg.a(lib_a-atol.o)
                0x0000000000082ac4                atol
 .text.fiprintf
                0x0000000000082acc       0x28 /Users/matthewhall/Library/Arduino15/packages/arduino/tools/arm-none-eabi-gcc/4.8.3-2014q1/bin/../lib/gcc/arm-none-eabi/4.8.3/../../../../arm-none-eabi/lib/armv7-m/libg.a(lib_a-fiprintf.o)
                0x0000000000082acc                fiprintf
 .text.__libc_init_array
                0x0000000000082af4       0x50 /Users/matthewhall/Library/Arduino15/packages/arduino/tools/arm-none-eabi-gcc/4.8.3-2014q1/bin/../lib/gcc/arm-none-eabi/4.8.3/../../../../arm-none-eabi/lib/armv7-m/libg.a(lib_a-init.o)
                0x0000000000082af4                __libc_init_array
 .text.iprintf  0x0000000000082b44       0x28 /Users/matthewhall/Library/Arduino15/packages/arduino/tools/arm-none-eabi-gcc/4.8.3-2014q1/bin/../lib/gcc/arm-none-eabi/4.8.3/../../../../arm-none-eabi/lib/armv7-m/libg.a(lib_a-iprintf.o)
                0x0000000000082b44                iprintf
 .text.malloc   0x0000000000082b6c       0x10 /Users/matthewhall/Library/Arduino15/packages/arduino/tools/arm-none-eabi-gcc/4.8.3-2014q1/bin/../lib/gcc/arm-none-eabi/4.8.3/../../../../arm-none-eabi/lib/armv7-m/libg.a(lib_a-malloc.o)
                0x0000000000082b6c                malloc
 .text.free     0x0000000000082b7c       0x10 /Users/matthewhall/Library/Arduino15/packages/arduino/tools/arm-none-eabi-gcc/4.8.3-2014q1/bin/../lib/gcc/arm-none-eabi/4.8.3/../../../../arm-none-eabi/lib/armv7-m/libg.a(lib_a-malloc.o)
                0x0000000000082b7c                free
 .text._malloc_r
                0x0000000000082b8c      0x538 /Users/matthewhall/Library/Arduino15/packages/arduino/tools/arm-none-eabi-gcc/4.8.3-2014q1/bin/../lib/gcc/arm-none-eabi/4.8.3/../../../../arm-none-eabi/lib/armv7-m/libg.a(lib_a-mallocr.o)
                0x0000000000082b8c                _malloc_r
 .text          0x00000000000830c4       0xec /Users/matthewhall/Library/Arduino15/packages/arduino/tools/arm-none-eabi-gcc/4.8.3-2014q1/bin/../lib/gcc/arm-none-eabi/4.8.3/../../../../arm-none-eabi/lib/armv7-m/libg.a(lib_a-memcpy.o)
                0x00000000000830c4                memcpy
 .text.memmove  0x00000000000831b0       0xcc /Users/matthewhall/Library/Arduino15/packages/arduino/tools/arm-none-eabi-gcc/4.8.3-2014q1/bin/../lib/gcc/arm-none-eabi/4.8.3/../../../../arm-none-eabi/lib/armv7-m/libg.a(lib_a-memmove.o)
                0x00000000000831b0                memmove
 .text.memset   0x000000000008327c       0x94 /Users/matthewhall/Library/Arduino15/packages/arduino/tools/arm-none-eabi-gcc/4.8.3-2014q1/bin/../lib/gcc/arm-none-eabi/4.8.3/../../../../arm-none-eabi/lib/armv7-m/libg.a(lib_a-memset.o)
                0x000000000008327c                memset
 .text.__malloc_lock
                0x0000000000083310        0x4 /Users/matthewhall/Library/Arduino15/packages/arduino/tools/arm-none-eabi-gcc/4.8.3-2014q1/bin/../lib/gcc/arm-none-eabi/4.8.3/../../../../arm-none-eabi/lib/armv7-m/libg.a(lib_a-mlock.o)
                0x0000000000083310                __malloc_lock
 .text.__malloc_unlock
                0x0000000000083314        0x4 /Users/matthewhall/Library/Arduino15/packages/arduino/tools/arm-none-eabi-gcc/4.8.3-2014q1/bin/../lib/gcc/arm-none-eabi/4.8.3/../../../../arm-none-eabi/lib/armv7-m/libg.a(lib_a-mlock.o)
                0x0000000000083314                __malloc_unlock
 .text.realloc  0x0000000000083318       0x10 /Users/matthewhall/Library/Arduino15/packages/arduino/tools/arm-none-eabi-gcc/4.8.3-2014q1/bin/../lib/gcc/arm-none-eabi/4.8.3/../../../../arm-none-eabi/lib/armv7-m/libg.a(lib_a-realloc.o)
                0x0000000000083318                realloc
 .text._realloc_r
                0x0000000000083328      0x3c0 /Users/matthewhall/Library/Arduino15/packages/arduino/tools/arm-none-eabi-gcc/4.8.3-2014q1/bin/../lib/gcc/arm-none-eabi/4.8.3/../../../../arm-none-eabi/lib/armv7-m/libg.a(lib_a-reallocr.o)
                0x0000000000083328                _realloc_r
 .text._sbrk_r  0x00000000000836e8       0x24 /Users/matthewhall/Library/Arduino15/packages/arduino/tools/arm-none-eabi-gcc/4.8.3-2014q1/bin/../lib/gcc/arm-none-eabi/4.8.3/../../../../arm-none-eabi/lib/armv7-m/libg.a(lib_a-sbrkr.o)
                0x00000000000836e8                _sbrk_r
 .text.strcpy   0x000000000008370c       0xbc /Users/matthewhall/Library/Arduino15/packages/arduino/tools/arm-none-eabi-gcc/4.8.3-2014q1/bin/../lib/gcc/arm-none-eabi/4.8.3/../../../../arm-none-eabi/lib/armv7-m/libg.a(lib_a-strcpy.o)
                0x000000000008370c                strcpy
 .text.strlen   0x00000000000837c8       0x60 /Users/matthewhall/Library/Arduino15/packages/arduino/tools/arm-none-eabi-gcc/4.8.3-2014q1/bin/../lib/gcc/arm-none-eabi/4.8.3/../../../../arm-none-eabi/lib/armv7-m/libg.a(lib_a-strlen.o)
                0x00000000000837c8                strlen
 .text._strtol_r
                0x0000000000083828      0x114 /Users/matthewhall/Library/Arduino15/packages/arduino/tools/arm-none-eabi-gcc/4.8.3-2014q1/bin/../lib/gcc/arm-none-eabi/4.8.3/../../../../arm-none-eabi/lib/armv7-m/libg.a(lib_a-strtol.o)
                0x0000000000083828                _strtol_r
 .text.strtol   0x000000000008393c       0x18 /Users/matthewhall/Library/Arduino15/packages/arduino/tools/arm-none-eabi-gcc/4.8.3-2014q1/bin/../lib/gcc/arm-none-eabi/4.8.3/../../../../arm-none-eabi/lib/armv7-m/libg.a(lib_a-strtol.o)
                0x000000000008393c                strtol
 .text.kill     0x0000000000083954       0x10 /Users/matthewhall/Library/Arduino15/packages/arduino/tools/arm-none-eabi-gcc/4.8.3-2014q1/bin/../lib/gcc/arm-none-eabi/4.8.3/../../../../arm-none-eabi/lib/armv7-m/libg.a(lib_a-syskill.o)
                0x0000000000083954                kill
 .text.__sprint_r.part.0
                0x0000000000083964       0x78 /Users/matthewhall/Library/Arduino15/packages/arduino/tools/arm-none-eabi-gcc/4.8.3-2014q1/bin/../lib/gcc/arm-none-eabi/4.8.3/../../../../arm-none-eabi/lib/armv7-m/libg.a(lib_a-vfiprintf.o)
 .text._vfiprintf_r
                0x00000000000839dc      0xc54 /Users/matthewhall/Library/Arduino15/packages/arduino/tools/arm-none-eabi-gcc/4.8.3-2014q1/bin/../lib/gcc/arm-none-eabi/4.8.3/../../../../arm-none-eabi/lib/armv7-m/libg.a(lib_a-vfiprintf.o)
                0x00000000000839dc                _vfiprintf_r
 .text.__sbprintf
                0x0000000000084630       0x7c /Users/matthewhall/Library/Arduino15/packages/arduino/tools/arm-none-eabi-gcc/4.8.3-2014q1/bin/../lib/gcc/arm-none-eabi/4.8.3/../../../../arm-none-eabi/lib/armv7-m/libg.a(lib_a-vfiprintf.o)
 .text.__swsetup_r
                0x00000000000846ac       0xc4 /Users/matthewhall/Library/Arduino15/packages/arduino/tools/arm-none-eabi-gcc/4.8.3-2014q1/bin/../lib/gcc/arm-none-eabi/4.8.3/../../../../arm-none-eabi/lib/armv7-m/libg.a(lib_a-wsetup.o)
                0x00000000000846ac                __swsetup_r
 .text.startup.register_fini
                0x0000000000084770       0x14 /Users/matthewhall/Library/Arduino15/packages/arduino/tools/arm-none-eabi-gcc/4.8.3-2014q1/bin/../lib/gcc/arm-none-eabi/4.8.3/../../../../arm-none-eabi/lib/armv7-m/libg.a(lib_a-__call_atexit.o)
 .text.abort    0x0000000000084784       0x10 /Users/matthewhall/Library/Arduino15/packages/arduino/tools/arm-none-eabi-gcc/4.8.3-2014q1/bin/../lib/gcc/arm-none-eabi/4.8.3/../../../../arm-none-eabi/lib/armv7-m/libg.a(lib_a-abort.o)
                0x0000000000084784                abort
 .text.atexit   0x0000000000084794        0xc /Users/matthewhall/Library/Arduino15/packages/arduino/tools/arm-none-eabi-gcc/4.8.3-2014q1/bin/../lib/gcc/arm-none-eabi/4.8.3/../../../../arm-none-eabi/lib/armv7-m/libg.a(lib_a-atexit.o)
                0x0000000000084794                atexit
 .text.__sflush_r
                0x00000000000847a0      0x148 /Users/matthewhall/Library/Arduino15/packages/arduino/tools/arm-none-eabi-gcc/4.8.3-2014q1/bin/../lib/gcc/arm-none-eabi/4.8.3/../../../../arm-none-eabi/lib/armv7-m/libg.a(lib_a-fflush.o)
                0x00000000000847a0                __sflush_r
 .text._fflush_r
                0x00000000000848e8       0x2c /Users/matthewhall/Library/Arduino15/packages/arduino/tools/arm-none-eabi-gcc/4.8.3-2014q1/bin/../lib/gcc/arm-none-eabi/4.8.3/../../../../arm-none-eabi/lib/armv7-m/libg.a(lib_a-fflush.o)
                0x00000000000848e8                _fflush_r
 .text._cleanup_r
                0x0000000000084914        0xc /Users/matthewhall/Library/Arduino15/packages/arduino/tools/arm-none-eabi-gcc/4.8.3-2014q1/bin/../lib/gcc/arm-none-eabi/4.8.3/../../../../arm-none-eabi/lib/armv7-m/libg.a(lib_a-findfp.o)
                0x0000000000084914                _cleanup_r
 .text.__sinit  0x0000000000084920       0xf4 /Users/matthewhall/Library/Arduino15/packages/arduino/tools/arm-none-eabi-gcc/4.8.3-2014q1/bin/../lib/gcc/arm-none-eabi/4.8.3/../../../../arm-none-eabi/lib/armv7-m/libg.a(lib_a-findfp.o)
                0x0000000000084920                __sinit
 .text.__sfp_lock_acquire
                0x0000000000084a14        0x4 /Users/matthewhall/Library/Arduino15/packages/arduino/tools/arm-none-eabi-gcc/4.8.3-2014q1/bin/../lib/gcc/arm-none-eabi/4.8.3/../../../../arm-none-eabi/lib/armv7-m/libg.a(lib_a-findfp.o)
                0x0000000000084a14                __sfp_lock_acquire
 .text.__sfp_lock_release
                0x0000000000084a18        0x4 /Users/matthewhall/Library/Arduino15/packages/arduino/tools/arm-none-eabi-gcc/4.8.3-2014q1/bin/../lib/gcc/arm-none-eabi/4.8.3/../../../../arm-none-eabi/lib/armv7-m/libg.a(lib_a-findfp.o)
                0x0000000000084a18                __sfp_lock_release
 .text.__libc_fini_array
                0x0000000000084a1c       0x30 /Users/matthewhall/Library/Arduino15/packages/arduino/tools/arm-none-eabi-gcc/4.8.3-2014q1/bin/../lib/gcc/arm-none-eabi/4.8.3/../../../../arm-none-eabi/lib/armv7-m/libg.a(lib_a-fini.o)
                0x0000000000084a1c                __libc_fini_array
 .text._fputwc_r
                0x0000000000084a4c       0xc0 /Users/matthewhall/Library/Arduino15/packages/arduino/tools/arm-none-eabi-gcc/4.8.3-2014q1/bin/../lib/gcc/arm-none-eabi/4.8.3/../../../../arm-none-eabi/lib/armv7-m/libg.a(lib_a-fputwc.o)
                0x0000000000084a4c                _fputwc_r
 .text._malloc_trim_r
                0x0000000000084b0c       0x9c /Users/matthewhall/Library/Arduino15/packages/arduino/tools/arm-none-eabi-gcc/4.8.3-2014q1/bin/../lib/gcc/arm-none-eabi/4.8.3/../../../../arm-none-eabi/lib/armv7-m/libg.a(lib_a-freer.o)
                0x0000000000084b0c                _malloc_trim_r
 .text._free_r  0x0000000000084ba8      0x198 /Users/matthewhall/Library/Arduino15/packages/arduino/tools/arm-none-eabi-gcc/4.8.3-2014q1/bin/../lib/gcc/arm-none-eabi/4.8.3/../../../../arm-none-eabi/lib/armv7-m/libg.a(lib_a-freer.o)
                0x0000000000084ba8                _free_r
 .text.__sfvwrite_r
                0x0000000000084d40      0x314 /Users/matthewhall/Library/Arduino15/packages/arduino/tools/arm-none-eabi-gcc/4.8.3-2014q1/bin/../lib/gcc/arm-none-eabi/4.8.3/../../../../arm-none-eabi/lib/armv7-m/libg.a(lib_a-fvwrite.o)
                0x0000000000084d40                __sfvwrite_r
 .text._fwalk   0x0000000000085054       0x48 /Users/matthewhall/Library/Arduino15/packages/arduino/tools/arm-none-eabi-gcc/4.8.3-2014q1/bin/../lib/gcc/arm-none-eabi/4.8.3/../../../../arm-none-eabi/lib/armv7-m/libg.a(lib_a-fwalk.o)
                0x0000000000085054                _fwalk
 .text.__locale_charset
                0x000000000008509c        0x8 /Users/matthewhall/Library/Arduino15/packages/arduino/tools/arm-none-eabi-gcc/4.8.3-2014q1/bin/../lib/gcc/arm-none-eabi/4.8.3/../../../../arm-none-eabi/lib/armv7-m/libg.a(lib_a-locale.o)
                0x000000000008509c                __locale_charset
 .text.__locale_mb_cur_max
                0x00000000000850a4        0xc /Users/matthewhall/Library/Arduino15/packages/arduino/tools/arm-none-eabi-gcc/4.8.3-2014q1/bin/../lib/gcc/arm-none-eabi/4.8.3/../../../../arm-none-eabi/lib/armv7-m/libg.a(lib_a-locale.o)
                0x00000000000850a4                __locale_mb_cur_max
 .text.__smakebuf_r
                0x00000000000850b0       0xe0 /Users/matthewhall/Library/Arduino15/packages/arduino/tools/arm-none-eabi-gcc/4.8.3-2014q1/bin/../lib/gcc/arm-none-eabi/4.8.3/../../../../arm-none-eabi/lib/armv7-m/libg.a(lib_a-makebuf.o)
                0x00000000000850b0                __smakebuf_r
 .text.memchr   0x0000000000085190       0x94 /Users/matthewhall/Library/Arduino15/packages/arduino/tools/arm-none-eabi-gcc/4.8.3-2014q1/bin/../lib/gcc/arm-none-eabi/4.8.3/../../../../arm-none-eabi/lib/armv7-m/libg.a(lib_a-memchr-stub.o)
                0x0000000000085190                memchr
 .text._raise_r
                0x0000000000085224       0x58 /Users/matthewhall/Library/Arduino15/packages/arduino/tools/arm-none-eabi-gcc/4.8.3-2014q1/bin/../lib/gcc/arm-none-eabi/4.8.3/../../../../arm-none-eabi/lib/armv7-m/libg.a(lib_a-signal.o)
                0x0000000000085224                _raise_r
 .text.raise    0x000000000008527c       0x10 /Users/matthewhall/Library/Arduino15/packages/arduino/tools/arm-none-eabi-gcc/4.8.3-2014q1/bin/../lib/gcc/arm-none-eabi/4.8.3/../../../../arm-none-eabi/lib/armv7-m/libg.a(lib_a-signal.o)
                0x000000000008527c                raise
 .text._kill_r  0x000000000008528c       0x28 /Users/matthewhall/Library/Arduino15/packages/arduino/tools/arm-none-eabi-gcc/4.8.3-2014q1/bin/../lib/gcc/arm-none-eabi/4.8.3/../../../../arm-none-eabi/lib/armv7-m/libg.a(lib_a-signalr.o)
                0x000000000008528c                _kill_r
 .text._getpid_r
                0x00000000000852b4        0x4 /Users/matthewhall/Library/Arduino15/packages/arduino/tools/arm-none-eabi-gcc/4.8.3-2014q1/bin/../lib/gcc/arm-none-eabi/4.8.3/../../../../arm-none-eabi/lib/armv7-m/libg.a(lib_a-signalr.o)
                0x00000000000852b4                _getpid_r
 .text.__sread  0x00000000000852b8       0x24 /Users/matthewhall/Library/Arduino15/packages/arduino/tools/arm-none-eabi-gcc/4.8.3-2014q1/bin/../lib/gcc/arm-none-eabi/4.8.3/../../../../arm-none-eabi/lib/armv7-m/libg.a(lib_a-stdio.o)
                0x00000000000852b8                __sread
 .text.__swrite
                0x00000000000852dc       0x38 /Users/matthewhall/Library/Arduino15/packages/arduino/tools/arm-none-eabi-gcc/4.8.3-2014q1/bin/../lib/gcc/arm-none-eabi/4.8.3/../../../../arm-none-eabi/lib/armv7-m/libg.a(lib_a-stdio.o)
                0x00000000000852dc                __swrite
 .text.__sseek  0x0000000000085314       0x20 /Users/matthewhall/Library/Arduino15/packages/arduino/tools/arm-none-eabi-gcc/4.8.3-2014q1/bin/../lib/gcc/arm-none-eabi/4.8.3/../../../../arm-none-eabi/lib/armv7-m/libg.a(lib_a-stdio.o)
                0x0000000000085314                __sseek
 .text.__sclose
                0x0000000000085334        0x8 /Users/matthewhall/Library/Arduino15/packages/arduino/tools/arm-none-eabi-gcc/4.8.3-2014q1/bin/../lib/gcc/arm-none-eabi/4.8.3/../../../../arm-none-eabi/lib/armv7-m/libg.a(lib_a-stdio.o)
                0x0000000000085334                __sclose
 .text.__swbuf_r
                0x000000000008533c       0xa8 /Users/matthewhall/Library/Arduino15/packages/arduino/tools/arm-none-eabi-gcc/4.8.3-2014q1/bin/../lib/gcc/arm-none-eabi/4.8.3/../../../../arm-none-eabi/lib/armv7-m/libg.a(lib_a-wbuf.o)
                0x000000000008533c                __swbuf_r
 .text._wcrtomb_r
                0x00000000000853e4       0x50 /Users/matthewhall/Library/Arduino15/packages/arduino/tools/arm-none-eabi-gcc/4.8.3-2014q1/bin/../lib/gcc/arm-none-eabi/4.8.3/../../../../arm-none-eabi/lib/armv7-m/libg.a(lib_a-wcrtomb.o)
                0x00000000000853e4                _wcrtomb_r
 .text.__ascii_wctomb
                0x0000000000085434       0x1c /Users/matthewhall/Library/Arduino15/packages/arduino/tools/arm-none-eabi-gcc/4.8.3-2014q1/bin/../lib/gcc/arm-none-eabi/4.8.3/../../../../arm-none-eabi/lib/armv7-m/libg.a(lib_a-wctomb_r.o)
                0x0000000000085434                __ascii_wctomb
 .text._write_r
                0x0000000000085450       0x28 /Users/matthewhall/Library/Arduino15/packages/arduino/tools/arm-none-eabi-gcc/4.8.3-2014q1/bin/../lib/gcc/arm-none-eabi/4.8.3/../../../../arm-none-eabi/lib/armv7-m/libg.a(lib_a-writer.o)
                0x0000000000085450                _write_r
 .text.__register_exitproc
                0x0000000000085478       0xa8 /Users/matthewhall/Library/Arduino15/packages/arduino/tools/arm-none-eabi-gcc/4.8.3-2014q1/bin/../lib/gcc/arm-none-eabi/4.8.3/../../../../arm-none-eabi/lib/armv7-m/libg.a(lib_a-__atexit.o)
                0x0000000000085478                __register_exitproc
 .text._close_r
                0x0000000000085520       0x24 /Users/matthewhall/Library/Arduino15/packages/arduino/tools/arm-none-eabi-gcc/4.8.3-2014q1/bin/../lib/gcc/arm-none-eabi/4.8.3/../../../../arm-none-eabi/lib/armv7-m/libg.a(lib_a-closer.o)
                0x0000000000085520                _close_r
 .text._fclose_r
                0x0000000000085544       0x80 /Users/matthewhall/Library/Arduino15/packages/arduino/tools/arm-none-eabi-gcc/4.8.3-2014q1/bin/../lib/gcc/arm-none-eabi/4.8.3/../../../../arm-none-eabi/lib/armv7-m/libg.a(lib_a-fclose.o)
                0x0000000000085544                _fclose_r
 .text.fclose   0x00000000000855c4       0x10 /Users/matthewhall/Library/Arduino15/packages/arduino/tools/arm-none-eabi-gcc/4.8.3-2014q1/bin/../lib/gcc/arm-none-eabi/4.8.3/../../../../arm-none-eabi/lib/armv7-m/libg.a(lib_a-fclose.o)
                0x00000000000855c4                fclose
 .text._fstat_r
                0x00000000000855d4       0x28 /Users/matthewhall/Library/Arduino15/packages/arduino/tools/arm-none-eabi-gcc/4.8.3-2014q1/bin/../lib/gcc/arm-none-eabi/4.8.3/../../../../arm-none-eabi/lib/armv7-m/libg.a(lib_a-fstatr.o)
                0x00000000000855d4                _fstat_r
 .text._isatty_r
                0x00000000000855fc       0x24 /Users/matthewhall/Library/Arduino15/packages/arduino/tools/arm-none-eabi-gcc/4.8.3-2014q1/bin/../lib/gcc/arm-none-eabi/4.8.3/../../../../arm-none-eabi/lib/armv7-m/libg.a(lib_a-isattyr.o)
                0x00000000000855fc                _isatty_r
 .text._lseek_r
                0x0000000000085620       0x28 /Users/matthewhall/Library/Arduino15/packages/arduino/tools/arm-none-eabi-gcc/4.8.3-2014q1/bin/../lib/gcc/arm-none-eabi/4.8.3/../../../../arm-none-eabi/lib/armv7-m/libg.a(lib_a-lseekr.o)
                0x0000000000085620                _lseek_r
 .text._read_r  0x0000000000085648       0x28 /Users/matthewhall/Library/Arduino15/packages/arduino/tools/arm-none-eabi-gcc/4.8.3-2014q1/bin/../lib/gcc/arm-none-eabi/4.8.3/../../../../arm-none-eabi/lib/armv7-m/libg.a(lib_a-readr.o)
                0x0000000000085648                _read_r
 .text          0x0000000000085670       0x2c /Users/matthewhall/Library/Arduino15/packages/arduino/tools/arm-none-eabi-gcc/4.8.3-2014q1/bin/../lib/gcc/arm-none-eabi/4.8.3/armv7-m/libgcc.a(_aeabi_uldivmod.o)
                0x0000000000085670                __aeabi_uldivmod
 .text          0x000000000008569c       0x60 /Users/matthewhall/Library/Arduino15/packages/arduino/tools/arm-none-eabi-gcc/4.8.3-2014q1/bin/../lib/gcc/arm-none-eabi/4.8.3/armv7-m/libgcc.a(bpabi.o)
                0x000000000008569c                __gnu_ldivmod_helper
                0x00000000000856cc                __gnu_uldivmod_helper
 .text          0x00000000000856fc        0x4 /Users/matthewhall/Library/Arduino15/packages/arduino/tools/arm-none-eabi-gcc/4.8.3-2014q1/bin/../lib/gcc/arm-none-eabi/4.8.3/armv7-m/libgcc.a(_dvmd_tls.o)
                0x00000000000856fc                __aeabi_ldiv0
                0x00000000000856fc                __aeabi_idiv0
 .text          0x0000000000085700      0x2a0 /Users/matthewhall/Library/Arduino15/packages/arduino/tools/arm-none-eabi-gcc/4.8.3-2014q1/bin/../lib/gcc/arm-none-eabi/4.8.3/armv7-m/libgcc.a(_divdi3.o)
                0x0000000000085700                __divdi3
 .text          0x00000000000859a0      0x290 /Users/matthewhall/Library/Arduino15/packages/arduino/tools/arm-none-eabi-gcc/4.8.3-2014q1/bin/../lib/gcc/arm-none-eabi/4.8.3/armv7-m/libgcc.a(_udivdi3.o)
                0x00000000000859a0                __udivdi3
 *(.glue_7t)
 .glue_7t       0x0000000000000000        0x0 linker stubs
 *(.glue_7)
 .glue_7        0x0000000000000000        0x0 linker stubs
 *(.rodata .rodata* .gnu.linkonce.r.*)
 .rodata.g_APinDescription
                0x0000000000085c30      0xa2c /Users/matthewhall/Documents/Arduino/serial_victor/build/core/variant.cpp.o
                0x0000000000085c30                g_APinDescription
 .rodata.__func__.6792
                0x000000000008665c        0xd /Users/matthewhall/Library/Arduino15/packages/arduino/hardware/sam/1.6.11/variants/arduino_due_x/libsam_sam3x8e_gcc_rel.a(tc.o)
 .rodata.str1.1
                0x0000000000086669       0x54 /Users/matthewhall/Library/Arduino15/packages/arduino/hardware/sam/1.6.11/variants/arduino_due_x/libsam_sam3x8e_gcc_rel.a(tc.o)
 .rodata.__func__.6798
                0x00000000000866bd        0x9 /Users/matthewhall/Library/Arduino15/packages/arduino/hardware/sam/1.6.11/variants/arduino_due_x/libsam_sam3x8e_gcc_rel.a(tc.o)
 *fill*         0x00000000000866c6        0x2 
 .rodata        0x00000000000866c8       0x40 /Users/matthewhall/Library/Arduino15/packages/arduino/hardware/sam/1.6.11/variants/arduino_due_x/libsam_sam3x8e_gcc_rel.a(adc.o)
 .rodata.str1.1
                0x0000000000000000       0x54 /Users/matthewhall/Documents/Arduino/serial_victor/build/core/core.a(Stream.cpp.o)
                                          0x1 (size before relaxing)
 .rodata._ZTV9UARTClass
                0x0000000000086708       0x30 /Users/matthewhall/Documents/Arduino/serial_victor/build/core/core.a(UARTClass.cpp.o)
                0x0000000000086708                vtable for UARTClass
 .rodata._ZTV10USARTClass
                0x0000000000086738       0x30 /Users/matthewhall/Documents/Arduino/serial_victor/build/core/core.a(USARTClass.cpp.o)
                0x0000000000086738                vtable for USARTClass
 .rodata.str1.1
                0x0000000000000000        0x1 /Users/matthewhall/Documents/Arduino/serial_victor/build/core/core.a(WString.cpp.o)
 .rodata.str1.1
                0x0000000000086768       0x19 /Users/matthewhall/Documents/Arduino/serial_victor/build/core/core.a(syscalls_sam3.c.o)
 .rodata.STRING_PRODUCT
                0x0000000000086781        0xc /Users/matthewhall/Documents/Arduino/serial_victor/build/core/core.a(USBCore.cpp.o)
                0x0000000000086781                STRING_PRODUCT
 .rodata.USB_DeviceDescriptor
                0x000000000008678d       0x12 /Users/matthewhall/Documents/Arduino/serial_victor/build/core/core.a(USBCore.cpp.o)
                0x000000000008678d                USB_DeviceDescriptor
 *fill*         0x000000000008679f        0x1 
 .rodata.STRING_LANGUAGE
                0x00000000000867a0        0x4 /Users/matthewhall/Documents/Arduino/serial_victor/build/core/core.a(USBCore.cpp.o)
                0x00000000000867a0                STRING_LANGUAGE
 .rodata._ZL18test_packet_buffer
                0x00000000000867a4       0x35 /Users/matthewhall/Documents/Arduino/serial_victor/build/core/core.a(USBCore.cpp.o)
 .rodata.STRING_MANUFACTURER
                0x00000000000867d9        0xc /Users/matthewhall/Documents/Arduino/serial_victor/build/core/core.a(USBCore.cpp.o)
                0x00000000000867d9                STRING_MANUFACTURER
 .rodata.USB_DeviceDescriptorA
                0x00000000000867e5       0x12 /Users/matthewhall/Documents/Arduino/serial_victor/build/core/core.a(USBCore.cpp.o)
                0x00000000000867e5                USB_DeviceDescriptorA
 .rodata._ZL19USB_DeviceQualifier
                0x00000000000867f7        0x9 /Users/matthewhall/Documents/Arduino/serial_victor/build/core/core.a(USBCore.cpp.o)
 .rodata._ZTV7Serial_
                0x0000000000086800       0x28 /Users/matthewhall/Documents/Arduino/serial_victor/build/core/core.a(CDC.cpp.o)
                0x0000000000086800                vtable for Serial_
 .rodata._ZL18_cdcOtherInterface
                0x0000000000086828       0x42 /Users/matthewhall/Documents/Arduino/serial_victor/build/core/core.a(CDC.cpp.o)
 .rodata._ZL13_cdcInterface
                0x000000000008686a       0x42 /Users/matthewhall/Documents/Arduino/serial_victor/build/core/core.a(CDC.cpp.o)
 .rodata.str1.4
                0x00000000000868ac       0x3f /Users/matthewhall/Library/Arduino15/packages/arduino/tools/arm-none-eabi-gcc/4.8.3-2014q1/bin/../lib/gcc/arm-none-eabi/4.8.3/../../../../arm-none-eabi/lib/armv7-m/libg.a(lib_a-assert.o)
                                         0x44 (size before relaxing)
 *fill*         0x00000000000868eb        0x1 
 .rodata.str1.4
                0x00000000000868ec        0x2 /Users/matthewhall/Library/Arduino15/packages/arduino/tools/arm-none-eabi-gcc/4.8.3-2014q1/bin/../lib/gcc/arm-none-eabi/4.8.3/../../../../arm-none-eabi/lib/armv7-m/libg.a(lib_a-impure.o)
                                          0x4 (size before relaxing)
 *fill*         0x00000000000868ee        0x2 
 .rodata._global_impure_ptr
                0x00000000000868f0        0x4 /Users/matthewhall/Library/Arduino15/packages/arduino/tools/arm-none-eabi-gcc/4.8.3-2014q1/bin/../lib/gcc/arm-none-eabi/4.8.3/../../../../arm-none-eabi/lib/armv7-m/libg.a(lib_a-impure.o)
                0x00000000000868f0                _global_impure_ptr
 .rodata.blanks.6717
                0x00000000000868f4       0x10 /Users/matthewhall/Library/Arduino15/packages/arduino/tools/arm-none-eabi-gcc/4.8.3-2014q1/bin/../lib/gcc/arm-none-eabi/4.8.3/../../../../arm-none-eabi/lib/armv7-m/libg.a(lib_a-vfiprintf.o)
 .rodata.str1.4
                0x0000000000086904       0x30 /Users/matthewhall/Library/Arduino15/packages/arduino/tools/arm-none-eabi-gcc/4.8.3-2014q1/bin/../lib/gcc/arm-none-eabi/4.8.3/../../../../arm-none-eabi/lib/armv7-m/libg.a(lib_a-vfiprintf.o)
 .rodata.zeroes.6718
                0x0000000000086934       0x10 /Users/matthewhall/Library/Arduino15/packages/arduino/tools/arm-none-eabi-gcc/4.8.3-2014q1/bin/../lib/gcc/arm-none-eabi/4.8.3/../../../../arm-none-eabi/lib/armv7-m/libg.a(lib_a-vfiprintf.o)
 .rodata._ctype_
                0x0000000000086944      0x104 /Users/matthewhall/Library/Arduino15/packages/arduino/tools/arm-none-eabi-gcc/4.8.3-2014q1/bin/../lib/gcc/arm-none-eabi/4.8.3/../../../../arm-none-eabi/lib/armv7-m/libg.a(lib_a-ctype_.o)
                0x0000000000086944                _ctype_
 *(.ARM.extab* .gnu.linkonce.armextab.*)
                0x0000000000086a48                . = ALIGN (0x4)
 *(.init)
 .init          0x0000000000086a48        0x4 /Users/matthewhall/Library/Arduino15/packages/arduino/tools/arm-none-eabi-gcc/4.8.3-2014q1/bin/../lib/gcc/arm-none-eabi/4.8.3/armv7-m/crti.o
                0x0000000000086a48                _init
 .init          0x0000000000086a4c        0x8 /Users/matthewhall/Library/Arduino15/packages/arduino/tools/arm-none-eabi-gcc/4.8.3-2014q1/bin/../lib/gcc/arm-none-eabi/4.8.3/armv7-m/crtn.o
                0x0000000000086a54                . = ALIGN (0x4)
                0x0000000000086a54                __preinit_array_start = .
 *(.preinit_array)
                0x0000000000086a54                __preinit_array_end = .
                0x0000000000086a54                . = ALIGN (0x4)
                0x0000000000086a54                __init_array_start = .
 *(SORT(.init_array.*))
 .init_array.00000
                0x0000000000086a54        0x4 /Users/matthewhall/Library/Arduino15/packages/arduino/tools/arm-none-eabi-gcc/4.8.3-2014q1/bin/../lib/gcc/arm-none-eabi/4.8.3/../../../../arm-none-eabi/lib/armv7-m/libg.a(lib_a-__call_atexit.o)
 *(.init_array)
 .init_array    0x0000000000086a58        0x4 /Users/matthewhall/Library/Arduino15/packages/arduino/tools/arm-none-eabi-gcc/4.8.3-2014q1/bin/../lib/gcc/arm-none-eabi/4.8.3/armv7-m/crtbegin.o
 .init_array    0x0000000000086a5c        0x4 /Users/matthewhall/Documents/Arduino/serial_victor/build/sketch/serial_victor.ino.cpp.o
 .init_array    0x0000000000086a60        0x4 /Users/matthewhall/Documents/Arduino/serial_victor/build/core/variant.cpp.o
 .init_array    0x0000000000086a64        0x4 /Users/matthewhall/Documents/Arduino/serial_victor/build/core/core.a(USBCore.cpp.o)
 .init_array    0x0000000000086a68        0x4 /Users/matthewhall/Documents/Arduino/serial_victor/build/core/core.a(CDC.cpp.o)
                0x0000000000086a6c                __init_array_end = .
                0x0000000000086a6c                . = ALIGN (0x4)
 *crtbegin.o(.ctors)
 *(EXCLUDE_FILE(*crtend.o) .ctors)
 *(SORT(.ctors.*))
 *crtend.o(.ctors)
                0x0000000000086a6c                . = ALIGN (0x4)
 *(.fini)
 .fini          0x0000000000086a6c        0x4 /Users/matthewhall/Library/Arduino15/packages/arduino/tools/arm-none-eabi-gcc/4.8.3-2014q1/bin/../lib/gcc/arm-none-eabi/4.8.3/armv7-m/crti.o
                0x0000000000086a6c                _fini
 .fini          0x0000000000086a70        0x8 /Users/matthewhall/Library/Arduino15/packages/arduino/tools/arm-none-eabi-gcc/4.8.3-2014q1/bin/../lib/gcc/arm-none-eabi/4.8.3/armv7-m/crtn.o
                0x0000000000086a78                . = ALIGN (0x4)
                0x0000000000086a78                __fini_array_start = .
 *(.fini_array)
 .fini_array    0x0000000000086a78        0x4 /Users/matthewhall/Library/Arduino15/packages/arduino/tools/arm-none-eabi-gcc/4.8.3-2014q1/bin/../lib/gcc/arm-none-eabi/4.8.3/armv7-m/crtbegin.o
 *(SORT(.fini_array.*))
                0x0000000000086a7c                __fini_array_end = .
 *crtbegin.o(.dtors)
 *(EXCLUDE_FILE(*crtend.o) .dtors)
 *(SORT(.dtors.*))
 *crtend.o(.dtors)
                0x0000000000086a7c                . = ALIGN (0x4)
                0x0000000000086a7c                _efixed = .
                0x0000000000086a7c                PROVIDE (__exidx_start, .)

.vfp11_veneer   0x0000000000086a7c        0x0
 .vfp11_veneer  0x0000000000000000        0x0 linker stubs

.v4_bx          0x0000000000086a7c        0x0
 .v4_bx         0x0000000000000000        0x0 linker stubs

.iplt           0x0000000000086a7c        0x0
 .iplt          0x0000000000000000        0x0 /Users/matthewhall/Library/Arduino15/packages/arduino/tools/arm-none-eabi-gcc/4.8.3-2014q1/bin/../lib/gcc/arm-none-eabi/4.8.3/armv7-m/crtbegin.o

.ARM.exidx      0x0000000000086a7c        0x8
 *(.ARM.exidx* .gnu.linkonce.armexidx.*)
 .ARM.exidx     0x0000000000086a7c        0x8 /Users/matthewhall/Library/Arduino15/packages/arduino/tools/arm-none-eabi-gcc/4.8.3-2014q1/bin/../lib/gcc/arm-none-eabi/4.8.3/armv7-m/libgcc.a(_divdi3.o)
 .ARM.exidx     0x0000000000086a84        0x0 /Users/matthewhall/Library/Arduino15/packages/arduino/tools/arm-none-eabi-gcc/4.8.3-2014q1/bin/../lib/gcc/arm-none-eabi/4.8.3/armv7-m/libgcc.a(_udivdi3.o)
                                          0x8 (size before relaxing)
                0x0000000000086a84                PROVIDE (__exidx_end, .)

.eh_frame       0x0000000000086a84        0x0
 .eh_frame      0x0000000000086a84        0x0 /Users/matthewhall/Library/Arduino15/packages/arduino/tools/arm-none-eabi-gcc/4.8.3-2014q1/bin/../lib/gcc/arm-none-eabi/4.8.3/armv7-m/crtbegin.o

.rel.dyn        0x0000000000086a84        0x0
 .rel.iplt      0x0000000000000000        0x0 /Users/matthewhall/Library/Arduino15/packages/arduino/tools/arm-none-eabi-gcc/4.8.3-2014q1/bin/../lib/gcc/arm-none-eabi/4.8.3/armv7-m/crtbegin.o

.jcr            0x0000000000086a84        0x0
 .jcr           0x0000000000086a84        0x0 /Users/matthewhall/Library/Arduino15/packages/arduino/tools/arm-none-eabi-gcc/4.8.3-2014q1/bin/../lib/gcc/arm-none-eabi/4.8.3/armv7-m/crtbegin.o

.igot.plt       0x0000000000086a84        0x0
 .igot.plt      0x0000000000000000        0x0 /Users/matthewhall/Library/Arduino15/packages/arduino/tools/arm-none-eabi-gcc/4.8.3-2014q1/bin/../lib/gcc/arm-none-eabi/4.8.3/armv7-m/crtbegin.o
                0x0000000000086a84                . = ALIGN (0x4)
                0x0000000000086a84                _etext = .

.relocate       0x0000000020070000      0x8e0 load address 0x0000000000086a84
                0x0000000020070000                . = ALIGN (0x4)
                0x0000000020070000                _srelocate = .
 *(.ramfunc .ramfunc.*)
 .ramfunc       0x0000000020070000       0x2c /Users/matthewhall/Documents/Arduino/serial_victor/build/core/core.a(Reset.cpp.o)
                0x0000000020070000                banzai
 *(.data .data.*)
 .data.stop_signal
                0x000000002007002c        0x4 /Users/matthewhall/Documents/Arduino/serial_victor/build/sketch/BigMotor.cpp.o
                0x000000002007002c                stop_signal
 .data.min_signal
                0x0000000020070030        0x4 /Users/matthewhall/Documents/Arduino/serial_victor/build/sketch/BigMotor.cpp.o
                0x0000000020070030                min_signal
 .data.max_signal
                0x0000000020070034        0x4 /Users/matthewhall/Documents/Arduino/serial_victor/build/sketch/BigMotor.cpp.o
                0x0000000020070034                max_signal
 .data.SystemCoreClock
                0x0000000020070038        0x4 /Users/matthewhall/Library/Arduino15/packages/arduino/hardware/sam/1.6.11/variants/arduino_due_x/libsam_sam3x8e_gcc_rel.a(system_sam3xa.o)
                0x0000000020070038                SystemCoreClock
 .data._ZL5ticks
                0x000000002007003c        0x4 /Users/matthewhall/Documents/Arduino/serial_victor/build/core/core.a(Reset.cpp.o)
 .data.EndPoints
                0x0000000020070040       0x28 /Users/matthewhall/Documents/Arduino/serial_victor/build/core/core.a(USBCore.cpp.o)
                0x0000000020070040                EndPoints
 .data._ZL10breakValue
                0x0000000020070068        0x4 /Users/matthewhall/Documents/Arduino/serial_victor/build/core/core.a(CDC.cpp.o)
 .data._ZL12_usbLineInfo
                0x000000002007006c        0x8 /Users/matthewhall/Documents/Arduino/serial_victor/build/core/core.a(CDC.cpp.o)
 .data.g_interrupt_enabled
                0x0000000020070074        0x4 /Users/matthewhall/Library/Arduino15/packages/arduino/hardware/sam/1.6.11/variants/arduino_due_x/libsam_sam3x8e_gcc_rel.a(interrupt_sam_nvic.o)
                0x0000000020070074                g_interrupt_enabled
 .data.impure_data
                0x0000000020070078      0x428 /Users/matthewhall/Library/Arduino15/packages/arduino/tools/arm-none-eabi-gcc/4.8.3-2014q1/bin/../lib/gcc/arm-none-eabi/4.8.3/../../../../arm-none-eabi/lib/armv7-m/libg.a(lib_a-impure.o)
 .data._impure_ptr
                0x00000000200704a0        0x4 /Users/matthewhall/Library/Arduino15/packages/arduino/tools/arm-none-eabi-gcc/4.8.3-2014q1/bin/../lib/gcc/arm-none-eabi/4.8.3/../../../../arm-none-eabi/lib/armv7-m/libg.a(lib_a-impure.o)
                0x00000000200704a0                _impure_ptr
 .data.__malloc_av_
                0x00000000200704a4      0x408 /Users/matthewhall/Library/Arduino15/packages/arduino/tools/arm-none-eabi-gcc/4.8.3-2014q1/bin/../lib/gcc/arm-none-eabi/4.8.3/../../../../arm-none-eabi/lib/armv7-m/libg.a(lib_a-mallocr.o)
                0x00000000200704a4                __malloc_av_
 .data.__malloc_trim_threshold
                0x00000000200708ac        0x4 /Users/matthewhall/Library/Arduino15/packages/arduino/tools/arm-none-eabi-gcc/4.8.3-2014q1/bin/../lib/gcc/arm-none-eabi/4.8.3/../../../../arm-none-eabi/lib/armv7-m/libg.a(lib_a-mallocr.o)
                0x00000000200708ac                __malloc_trim_threshold
 .data.__malloc_sbrk_base
                0x00000000200708b0        0x4 /Users/matthewhall/Library/Arduino15/packages/arduino/tools/arm-none-eabi-gcc/4.8.3-2014q1/bin/../lib/gcc/arm-none-eabi/4.8.3/../../../../arm-none-eabi/lib/armv7-m/libg.a(lib_a-mallocr.o)
                0x00000000200708b0                __malloc_sbrk_base
 .data.__ctype_ptr__
                0x00000000200708b4        0x4 /Users/matthewhall/Library/Arduino15/packages/arduino/tools/arm-none-eabi-gcc/4.8.3-2014q1/bin/../lib/gcc/arm-none-eabi/4.8.3/../../../../arm-none-eabi/lib/armv7-m/libg.a(lib_a-ctype_.o)
                0x00000000200708b4                __ctype_ptr__
 .data.lc_ctype_charset
                0x00000000200708b8       0x20 /Users/matthewhall/Library/Arduino15/packages/arduino/tools/arm-none-eabi-gcc/4.8.3-2014q1/bin/../lib/gcc/arm-none-eabi/4.8.3/../../../../arm-none-eabi/lib/armv7-m/libg.a(lib_a-locale.o)
 .data.__mb_cur_max
                0x00000000200708d8        0x4 /Users/matthewhall/Library/Arduino15/packages/arduino/tools/arm-none-eabi-gcc/4.8.3-2014q1/bin/../lib/gcc/arm-none-eabi/4.8.3/../../../../arm-none-eabi/lib/armv7-m/libg.a(lib_a-locale.o)
                0x00000000200708d8                __mb_cur_max
 .data.__wctomb
                0x00000000200708dc        0x4 /Users/matthewhall/Library/Arduino15/packages/arduino/tools/arm-none-eabi-gcc/4.8.3-2014q1/bin/../lib/gcc/arm-none-eabi/4.8.3/../../../../arm-none-eabi/lib/armv7-m/libg.a(lib_a-wctomb_r.o)
                0x00000000200708dc                __wctomb
                0x00000000200708e0                . = ALIGN (0x4)
                0x00000000200708e0                _erelocate = .

.bss            0x00000000200708e0      0xc20 load address 0x0000000000087364
                0x00000000200708e0                . = ALIGN (0x4)
                0x00000000200708e0                _sbss = .
                0x00000000200708e0                _szero = .
 *(.bss .bss.*)
 .bss           0x00000000200708e0       0x1c /Users/matthewhall/Library/Arduino15/packages/arduino/tools/arm-none-eabi-gcc/4.8.3-2014q1/bin/../lib/gcc/arm-none-eabi/4.8.3/armv7-m/crtbegin.o
 .bss.stepper   0x00000000200708fc        0x8 /Users/matthewhall/Documents/Arduino/serial_victor/build/sketch/serial_victor.ino.cpp.o
                0x00000000200708fc                stepper
 .bss.victor    0x0000000020070904        0x8 /Users/matthewhall/Documents/Arduino/serial_victor/build/sketch/serial_victor.ino.cpp.o
                0x0000000020070904                victor
 .bss.ServoCount
                0x000000002007090c        0x1 /Users/matthewhall/Documents/Arduino/serial_victor/build/libraries/Servo/sam/Servo.cpp.o
                0x000000002007090c                ServoCount
 .bss._ZL7Channel
                0x000000002007090d        0x5 /Users/matthewhall/Documents/Arduino/serial_victor/build/libraries/Servo/sam/Servo.cpp.o
 *fill*         0x0000000020070912        0x2 
 .bss._ZL6servos
                0x0000000020070914      0x1e0 /Users/matthewhall/Documents/Arduino/serial_victor/build/libraries/Servo/sam/Servo.cpp.o
 .bss.tx_buffer2
                0x0000000020070af4       0x88 /Users/matthewhall/Documents/Arduino/serial_victor/build/core/variant.cpp.o
                0x0000000020070af4                tx_buffer2
 .bss.tx_buffer1
                0x0000000020070b7c       0x88 /Users/matthewhall/Documents/Arduino/serial_victor/build/core/variant.cpp.o
                0x0000000020070b7c                tx_buffer1
 .bss.Serial    0x0000000020070c04       0x24 /Users/matthewhall/Documents/Arduino/serial_victor/build/core/variant.cpp.o
                0x0000000020070c04                Serial
 .bss.rx_buffer1
                0x0000000020070c28       0x88 /Users/matthewhall/Documents/Arduino/serial_victor/build/core/variant.cpp.o
                0x0000000020070c28                rx_buffer1
 .bss.Serial1   0x0000000020070cb0       0x28 /Users/matthewhall/Documents/Arduino/serial_victor/build/core/variant.cpp.o
                0x0000000020070cb0                Serial1
 .bss.Serial2   0x0000000020070cd8       0x28 /Users/matthewhall/Documents/Arduino/serial_victor/build/core/variant.cpp.o
                0x0000000020070cd8                Serial2
 .bss.Serial3   0x0000000020070d00       0x28 /Users/matthewhall/Documents/Arduino/serial_victor/build/core/variant.cpp.o
                0x0000000020070d00                Serial3
 .bss.tx_buffer3
                0x0000000020070d28       0x88 /Users/matthewhall/Documents/Arduino/serial_victor/build/core/variant.cpp.o
                0x0000000020070d28                tx_buffer3
 .bss.tx_buffer4
                0x0000000020070db0       0x88 /Users/matthewhall/Documents/Arduino/serial_victor/build/core/variant.cpp.o
                0x0000000020070db0                tx_buffer4
 .bss.g_pinStatus
                0x0000000020070e38       0x4f /Users/matthewhall/Documents/Arduino/serial_victor/build/core/variant.cpp.o
                0x0000000020070e38                g_pinStatus
 *fill*         0x0000000020070e87        0x1 
 .bss.rx_buffer2
                0x0000000020070e88       0x88 /Users/matthewhall/Documents/Arduino/serial_victor/build/core/variant.cpp.o
                0x0000000020070e88                rx_buffer2
 .bss.rx_buffer3
                0x0000000020070f10       0x88 /Users/matthewhall/Documents/Arduino/serial_victor/build/core/variant.cpp.o
                0x0000000020070f10                rx_buffer3
 .bss.rx_buffer4
                0x0000000020070f98       0x88 /Users/matthewhall/Documents/Arduino/serial_victor/build/core/variant.cpp.o
                0x0000000020070f98                rx_buffer4
 .bss.gpf_isr   0x0000000020071020        0x4 /Users/matthewhall/Library/Arduino15/packages/arduino/hardware/sam/1.6.11/variants/arduino_due_x/libsam_sam3x8e_gcc_rel.a(uotghs.o)
                0x0000000020071020                gpf_isr
 .bss.callbacksPioA
                0x0000000020071024       0x80 /Users/matthewhall/Documents/Arduino/serial_victor/build/core/core.a(WInterrupts.c.o)
 .bss.callbacksPioB
                0x00000000200710a4       0x80 /Users/matthewhall/Documents/Arduino/serial_victor/build/core/core.a(WInterrupts.c.o)
 .bss.callbacksPioC
                0x0000000020071124       0x80 /Users/matthewhall/Documents/Arduino/serial_victor/build/core/core.a(WInterrupts.c.o)
 .bss.callbacksPioD
                0x00000000200711a4       0x80 /Users/matthewhall/Documents/Arduino/serial_victor/build/core/core.a(WInterrupts.c.o)
 .bss.heap.6420
                0x0000000020071224        0x4 /Users/matthewhall/Documents/Arduino/serial_victor/build/core/core.a(syscalls_sam3.c.o)
 .bss._cmark    0x0000000020071228        0x2 /Users/matthewhall/Documents/Arduino/serial_victor/build/core/core.a(USBCore.cpp.o)
                0x0000000020071228                _cmark
 .bss._ZL14isEndpointHalt
                0x000000002007122a        0x1 /Users/matthewhall/Documents/Arduino/serial_victor/build/core/core.a(USBCore.cpp.o)
 *fill*         0x000000002007122b        0x1 
 .bss._cdcComposite
                0x000000002007122c        0x4 /Users/matthewhall/Documents/Arduino/serial_victor/build/core/core.a(USBCore.cpp.o)
                0x000000002007122c                _cdcComposite
 .bss._ZL21isRemoteWakeUpEnabled
                0x0000000020071230        0x1 /Users/matthewhall/Documents/Arduino/serial_victor/build/core/core.a(USBCore.cpp.o)
 *fill*         0x0000000020071231        0x3 
 .bss._usbInitialized
                0x0000000020071234        0x4 /Users/matthewhall/Documents/Arduino/serial_victor/build/core/core.a(USBCore.cpp.o)
                0x0000000020071234                _usbInitialized
 .bss.USBDevice
                0x0000000020071238        0x1 /Users/matthewhall/Documents/Arduino/serial_victor/build/core/core.a(USBCore.cpp.o)
                0x0000000020071238                USBDevice
 *fill*         0x0000000020071239        0x3 
 .bss._usbSetInterface
                0x000000002007123c        0x4 /Users/matthewhall/Documents/Arduino/serial_victor/build/core/core.a(USBCore.cpp.o)
                0x000000002007123c                _usbSetInterface
 .bss._cend     0x0000000020071240        0x2 /Users/matthewhall/Documents/Arduino/serial_victor/build/core/core.a(USBCore.cpp.o)
                0x0000000020071240                _cend
 *fill*         0x0000000020071242        0x2 
 .bss._usbConfiguration
                0x0000000020071244        0x4 /Users/matthewhall/Documents/Arduino/serial_victor/build/core/core.a(USBCore.cpp.o)